 PhysXCooking_32

 Timestamp is 5f539c99 (Sat Sep  5 16:11:37 2020)

 Preferred load address is 10000000

 Start         Length     Name                   Class
 0001:00000000 00000640H .text$di                CODE
 0001:00000640 00066654H .text$mn                CODE
 0001:00066c94 00000047H .text$x                 CODE
 0002:00000000 00000158H .idata$5                DATA
 0002:00000158 00000008H .00cfg                  DATA
 0002:00000160 00000004H .CRT$XCA                DATA
 0002:00000164 000000f0H .CRT$XCU                DATA
 0002:00000254 00000004H .CRT$XCZ                DATA
 0002:00000258 00000004H .CRT$XIA                DATA
 0002:0000025c 0000000cH .CRT$XIC                DATA
 0002:00000268 00000004H .CRT$XIZ                DATA
 0002:0000026c 00000004H .CRT$XPA                DATA
 0002:00000270 00000008H .CRT$XPX                DATA
 0002:00000278 00000004H .CRT$XPXA               DATA
 0002:0000027c 00000004H .CRT$XPZ                DATA
 0002:00000280 00000004H .CRT$XTA                DATA
 0002:00000284 0000000cH .CRT$XTZ                DATA
 0002:00000288 00000000H .gfids$y                DATA
 0002:00000290 0000a550H .rdata                  DATA
 0002:0000a7e0 000002a0H .rdata$r                DATA
 0002:0000aa80 0000001cH .rdata$sxdata           DATA
 0002:0000aa9c 000003d0H .rdata$zzzdbg           DATA
 0002:0000ae6c 00000004H .rtc$IAA                DATA
 0002:0000ae70 00000004H .rtc$IZZ                DATA
 0002:0000ae74 00000004H .rtc$TAA                DATA
 0002:0000ae78 00000008H .rtc$TZZ                DATA
 0002:0000ae80 000008acH .xdata$x                DATA
 0002:0000b72c 00000040H .didat$2                DATA
 0002:0000b76c 00000020H .didat$3                DATA
 0002:0000b78c 000000e0H .didat$4                DATA
 0002:0000b86c 00000a68H .didat$6                DATA
 0002:0000c2d4 000000ecH .didat$7                DATA
 0002:0000c3c0 00001c68H .edata                  DATA
 0002:0000e028 00000014H .idata$2                DATA
 0002:0000e03c 00000014H .idata$3                DATA
 0002:0000e050 00000158H .idata$4                DATA
 0002:0000e1a8 0000063aH .idata$6                DATA
 0003:00000000 00000900H .data                   DATA
 0003:00000900 00000348H .data$r                 DATA
 0003:00000c48 000000e8H .didat$5                DATA
 0003:00000d30 00001678H .bss                    DATA
 0004:00000000 00002608H _RDATA                  DATA
 0005:00000000 000000a0H .rsrc$01                DATA
 0005:000000a0 000004b0H .rsrc$02                DATA

  Address         Publics by Value              Rva+Base       Lib:Object

 0000:00000000       ___guard_fids_table        00000000     <absolute>
 0000:00000000       ___arm64x_native_entrypoint 00000000     <absolute>
 0000:00000000       ___guard_iat_table         00000000     <absolute>
 0000:00000000       ___x64_code_ranges_to_entry_points_count 00000000     <absolute>
 0000:00000000       ___guard_longjmp_table     00000000     <absolute>
 0000:00000000       ___AbsoluteZero            00000000     <absolute>
 0000:00000000       ___x64_code_ranges_to_entry_points 00000000     <absolute>
 0000:00000000       ___guard_iat_count         00000000     <absolute>
 0000:00000000       ___volatile_metadata       00000000     <absolute>
 0000:00000000       ___enclave_config          00000000     <absolute>
 0000:00000000       ___guard_eh_cont_count     00000000     <absolute>
 0000:00000000       ___arm64x_redirection_metadata_count 00000000     <absolute>
 0000:00000000       __except_list              00000000     <absolute>
 0000:00000000       ___arm64x_redirection_metadata 00000000     <absolute>
 0000:00000000       ___hybrid_code_map_count   00000000     <absolute>
 0000:00000000       ___hybrid_auxiliary_iat    00000000     <absolute>
 0000:00000000       ___hybrid_code_map         00000000     <absolute>
 0000:00000000       ___guard_fids_count        00000000     <absolute>
 0000:00000000       ___arm64x_extra_rfe_table_size 00000000     <absolute>
 0000:00000000       ___dynamic_value_reloc_table 00000000     <absolute>
 0000:00000000       ___arm64x_extra_rfe_table  00000000     <absolute>
 0000:00000000       ___guard_eh_cont_table     00000000     <absolute>
 0000:00000000       ___guard_longjmp_count     00000000     <absolute>
 0000:00000007       ___safe_se_handler_count   00000007     <absolute>
 0000:00000100       ___guard_flags             00000100     <absolute>
 0000:00000000       ___ImageBase               10000000     <linker-defined>
 0001:00000640       ?ComputeNbBoundaryEdges@AdjTriangle@physx@@QBEIXZ 10001640 f   Adjacencies.obj
 0001:00000680       ?ComputeNbNeighbors@AdjTriangle@physx@@QBEIXZ 10001680 f   Adjacencies.obj
 0001:000006c0       ?HasNeighbor@AdjTriangle@physx@@QBE_NIPAI@Z 100016c0 f   Adjacencies.obj
 0001:00000740       ?Flip@AdjTriangle@physx@@QAEXXZ 10001740 f   Adjacencies.obj
 0001:00000750       ??0Adjacencies@physx@@QAE@XZ 10001750 f   Adjacencies.obj
 0001:00000760       ??1Adjacencies@physx@@QAE@XZ 10001760 f   Adjacencies.obj
 0001:000007a0       ?Load@Adjacencies@physx@@QAE_NAAVPxInputStream@2@@Z 100017a0 f   Adjacencies.obj
 0001:00000880       ?ComputeNbBoundaryEdges@Adjacencies@physx@@QBEIXZ 10001880 f   Adjacencies.obj
 0001:000008f0       ?GetBoundaryVertices@Adjacencies@physx@@QBE_NIPA_NPBU?$TriangleT@I@Gu@2@@Z 100018f0 f   Adjacencies.obj
 0001:00000a40       ?MakeLastRef@Adjacencies@physx@@QAE_NAAVAdjTriangle@2@IPAU?$TriangleT@I@Gu@2@@Z 10001a40 f   Adjacencies.obj
 0001:00000c00       ?AssignNewEdgeCode@Adjacencies@physx@@AAEXIE@Z 10001c00 f   Adjacencies.obj
 0001:00000c40       ??0AdjacenciesBuilder@physx@@QAE@XZ 10001c40 f   Adjacencies.obj
 0001:00000c50       ??1AdjacenciesBuilder@physx@@QAE@XZ 10001c50 f   Adjacencies.obj
 0001:00000c90       ?Init@AdjacenciesBuilder@physx@@QAE_NABUADJACENCIESCREATE@2@@Z 10001c90 f   Adjacencies.obj
 0001:00001000       ??0AdjEdge@@QAE@XZ         10002000 f i Adjacencies.obj
 0001:00001010       ??0AdjTriangle@physx@@QAE@XZ 10002010 f i Adjacencies.obj
 0001:00001020       ??0Allocator@shdfnd@physx@@QAE@PBD@Z 10002020 f i Adjacencies.obj
 0001:00001030       ??0PxFoundation@physx@@QAE@ABV01@@Z 10002030 f i Adjacencies.obj
 0001:00001040       ??0PxFoundation@physx@@QAE@XZ 10002040 f i Adjacencies.obj
 0001:00001050       ??1AdjEdge@@QAE@XZ         10002050 f i Adjacencies.obj
 0001:00001060       ??1AdjTriangle@physx@@QAE@XZ 10002060 f i Adjacencies.obj
 0001:00001070       ??1PxFoundation@physx@@MAE@XZ 10002070 f i Adjacencies.obj
 0001:00001080       ??4Allocator@shdfnd@physx@@QAEAAV012@$$QAV012@@Z 10002080 f i Adjacencies.obj
 0001:00001090       ??4Allocator@shdfnd@physx@@QAEAAV012@ABV012@@Z 10002090 f i Adjacencies.obj
 0001:000010a0       ??4MutexImpl@shdfnd@physx@@QAEAAV012@ABV012@@Z 100020a0 f i Adjacencies.obj
 0001:000010b0       ??4PxFoundation@physx@@QAEAAV01@ABV01@@Z 100020b0 f i Adjacencies.obj
 0001:000010c0       ??_EAdjEdge@@QAEPAXI@Z     100020c0 f i Adjacencies.obj
 0001:00001130       ??_EAdjTriangle@physx@@QAEPAXI@Z 10002130 f i Adjacencies.obj
 0001:000011a0       ??_EPxFoundation@physx@@MAEPAXI@Z 100021a0 f i Adjacencies.obj
 0001:00001210       ??_FAllocator@shdfnd@physx@@QAEXXZ 10002210 f i Adjacencies.obj
 0001:00001220       ??_FNamedAllocator@shdfnd@physx@@QAEXXZ 10002220 f i Adjacencies.obj
 0001:00001230       ??_GPxFoundation@physx@@MAEPAXI@Z 10002230 f i Adjacencies.obj
 0001:00001260       ??_H@YGXPAXIIP6EPAX0@Z@Z   10002260 f i Adjacencies.obj
 0001:00001290       ??_I@YGXPAXIIP6EX0@Z@Z     10002290 f i Adjacencies.obj
 0001:000014c0       ?GetNbHits@RadixSort@Cm@physx@@QBEIXZ 100024c0 f i Adjacencies.obj
 0001:000014d0       ?GetNbTotalCalls@RadixSort@Cm@physx@@QBEIXZ 100024d0 f i Adjacencies.obj
 0001:000014e0       ?GetRanks@RadixSort@Cm@physx@@QBEPBIXZ 100024e0 f i Adjacencies.obj
 0001:000014f0       ?GetRecyclable@RadixSort@Cm@physx@@QBEPAIXZ 100024f0 f i Adjacencies.obj
 0001:000016a0       ?__empty_global_delete@@YAXPAX@Z 100026a0 f i Adjacencies.obj
 0001:000016b0       ?__empty_global_delete@@YAXPAXI@Z 100026b0 f i Adjacencies.obj
 0001:000016c0       ?getAllocator@Foundation@shdfnd@physx@@QAEAAVPxAllocatorCallback@3@XZ 100026c0 f i Adjacencies.obj
 0001:000016d0       ?getAllocatorCallback@Foundation@shdfnd@physx@@UAEAAVPxAllocatorCallback@3@XZ 100026d0 f i Adjacencies.obj
 0001:000016e0       ?getErrorCallback@Foundation@shdfnd@physx@@UAEAAVPxErrorCallback@3@XZ 100026e0 f i Adjacencies.obj
 0001:000016f0       ?getErrorLevel@Foundation@shdfnd@physx@@UBE?AW4Enum@PxErrorCode@3@XZ 100026f0 f i Adjacencies.obj
 0001:00001700       ?getInternalErrorCallback@Foundation@shdfnd@physx@@QAEAAVPxErrorCallback@3@XZ 10002700 f i Adjacencies.obj
 0001:00001710       ?getNamedAllocMap@Foundation@shdfnd@physx@@QAEAAV?$HashMap@PBVNamedAllocator@shdfnd@physx@@PBDU?$Hash@PBVNamedAllocator@shdfnd@physx@@@23@VNonTrackingAllocator@23@@23@XZ 10002710 f i Adjacencies.obj
 0001:00001720       ?getNamedAllocMutex@Foundation@shdfnd@physx@@QAEAAV?$MutexT@VAllocator@shdfnd@physx@@@23@XZ 10002720 f i Adjacencies.obj
 0001:00001730       ?getReportAllocationNames@Foundation@shdfnd@physx@@UBE_NXZ 10002730 f i Adjacencies.obj
 0001:00001740       ?getTempAllocFreeTable@Foundation@shdfnd@physx@@QAEAAV?$Array@PATTempAllocatorChunk@shdfnd@physx@@VAllocator@23@@23@XZ 10002740 f i Adjacencies.obj
 0001:00001750       ?getTempAllocMutex@Foundation@shdfnd@physx@@QAEAAV?$MutexT@VAllocator@shdfnd@physx@@@23@XZ 10002750 f i Adjacencies.obj
 0001:00001760       ?invalidateRanks@RadixSort@Cm@physx@@QAEXXZ 10002760 f i Adjacencies.obj
 0001:00001770       ?setErrorLevel@Foundation@shdfnd@physx@@UAEXW4Enum@PxErrorCode@3@@Z 10002770 f i Adjacencies.obj
 0001:00001780       ?setReportAllocationNames@Foundation@shdfnd@physx@@UAEX_N@Z 10002780 f i Adjacencies.obj
 0001:00001790       _PxCreateCooking           10002790 f   Cooking.obj
 0001:00001850       ?release@Cooking@physx@@UAEXXZ 10002850 f   Cooking.obj
 0001:00001860       ?setParams@Cooking@physx@@UAEXABUPxCookingParams@2@@Z 10002860 f   Cooking.obj
 0001:000018c0       ?getParams@Cooking@physx@@UBEABUPxCookingParams@2@XZ 100028c0 f   Cooking.obj
 0001:000018d0       ?platformMismatch@Cooking@physx@@UBE_NXZ 100028d0 f   Cooking.obj
 0001:000018e0       ?cookTriangleMesh@Cooking@physx@@UBE_NABVPxTriangleMeshDesc@2@AAVPxOutputStream@2@PAW4Enum@PxTriangleMeshCookingResult@2@@Z 100028e0 f   Cooking.obj
 0001:000019f0       ?createTriangleMesh@Cooking@physx@@UBEPAVPxTriangleMesh@2@ABVPxTriangleMeshDesc@2@AAVPxPhysicsInsertionCallback@2@PAW4Enum@PxTriangleMeshCookingResult@2@@Z 100029f0 f   Cooking.obj
 0001:00001a70       ?validateTriangleMesh@Cooking@physx@@UBE_NABVPxTriangleMeshDesc@2@@Z 10002a70 f   Cooking.obj
 0001:00001b50       ?cookConvexMesh@Cooking@physx@@UBE_NABVPxConvexMeshDesc@2@AAVPxOutputStream@2@PAW4Enum@PxConvexMeshCookingResult@2@@Z 10002b50 f   Cooking.obj
 0001:00001cd0       ?createConvexMesh@Cooking@physx@@UBEPAVPxConvexMesh@2@ABVPxConvexMeshDesc@2@AAVPxPhysicsInsertionCallback@2@PAW4Enum@PxConvexMeshCookingResult@2@@Z 10002cd0 f   Cooking.obj
 0001:00001e70       ?validateConvexMesh@Cooking@physx@@UBE_NABVPxConvexMeshDesc@2@@Z 10002e70 f   Cooking.obj
 0001:00001ec0       ?computeHullPolygons@Cooking@physx@@UBE_NABVPxSimpleTriangleMesh@2@AAVPxAllocatorCallback@2@AAIAAPAVPxVec3@2@2AAPAI2AAPAUPxHullPolygon@2@@Z 10002ec0 f   Cooking.obj
 0001:00001ff0       ?cookHeightField@Cooking@physx@@UBE_NABVPxHeightFieldDesc@2@AAVPxOutputStream@2@@Z 10002ff0 f   Cooking.obj
 0001:000020d0       ?createHeightField@Cooking@physx@@UBEPAVPxHeightField@2@ABVPxHeightFieldDesc@2@AAVPxPhysicsInsertionCallback@2@@Z 100030d0 f   Cooking.obj
 0001:00002250       ?cookBVHStructure@Cooking@physx@@UBE_NABVPxBVHStructureDesc@2@AAVPxOutputStream@2@@Z 10003250 f   Cooking.obj
 0001:00002320       ?createBVHStructure@Cooking@physx@@UBEPAVPxBVHStructure@2@ABVPxBVHStructureDesc@2@AAVPxPhysicsInsertionCallback@2@@Z 10003320 f   Cooking.obj
 0001:000023f0       ?cookConvexMeshInternal@Cooking@physx@@ABE_NABVPxConvexMeshDesc@2@AAVConvexMeshBuilder@2@PAVConvexHullLib@2@PAW4Enum@PxConvexMeshCookingResult@2@@Z 100033f0 f   Cooking.obj
 0001:000025c0       ?cookTriangleMesh@Cooking@physx@@ABE_NAAVTriangleMeshBuilder@2@ABVPxTriangleMeshDesc@2@AAVPxOutputStream@2@PAW4Enum@PxTriangleMeshCookingResult@2@@Z 100035c0 f   Cooking.obj
 0001:00002640       ?createTriangleMesh@Cooking@physx@@ABEPAVPxTriangleMesh@2@AAVTriangleMeshBuilder@2@ABVPxTriangleMeshDesc@2@AAVPxPhysicsInsertionCallback@2@PAW4Enum@PxTriangleMeshCookingResult@2@@Z 10003640 f   Cooking.obj
 0001:000026d0       ??0DebugText@Cm@physx@@QAE@$$QAU012@@Z 100036d0 f i Cooking.obj
 0001:00002720       ??0DebugText@Cm@physx@@QAE@ABU012@@Z 10003720 f i Cooking.obj
 0001:00002770       ??0HeightFieldData@Gu@physx@@QAE@$$QAU012@@Z 10003770 f i Cooking.obj
 0001:000027e0       ??0HeightFieldData@Gu@physx@@QAE@ABU012@@Z 100037e0 f i Cooking.obj
 0001:00002850       ??0HeightFieldData@Gu@physx@@QAE@W4PxEMPTY@2@@Z 10003850 f i Cooking.obj
 0001:00002860       ??0HeightFieldData@Gu@physx@@QAE@XZ 10003860 f i Cooking.obj
 0001:00002870       ??0PxConvexMeshDesc@physx@@QAE@ABV01@@Z 10003870 f i Cooking.obj
 0001:000028c0       ??0RenderOutput@Cm@physx@@QAE@AAVRenderBuffer@12@@Z 100038c0 f i Cooking.obj
 0001:00002980       ??0RenderOutput@Cm@physx@@QAE@ABV012@@Z 10003980 f i Cooking.obj
 0001:00002a30       ??1HeightFieldData@Gu@physx@@QAE@XZ 10003a30 f i Cooking.obj
 0001:00002a40       ??1PxBase@physx@@MAE@XZ    10003a40 f i Cooking.obj
 0001:00002a50       ??1PxConvexMesh@physx@@MAE@XZ 10003a50 f i Cooking.obj
 0001:00002a60       ??1PxCooking@physx@@MAE@XZ 10003a60 f i Cooking.obj
 0001:00002a70       ??1PxHeightField@physx@@MAE@XZ 10003a70 f i Cooking.obj
 0001:00002a80       ??4DebugText@Cm@physx@@QAEAAU012@$$QAU012@@Z 10003a80 f i Cooking.obj
 0001:00002b10       ??4DebugText@Cm@physx@@QAEAAU012@ABU012@@Z 10003b10 f i Cooking.obj
 0001:00002ba0       ??4FPUGuard@shdfnd@physx@@QAEAAV012@ABV012@@Z 10003ba0 f i Cooking.obj
 0001:00002bc0       ??4HeightFieldData@Gu@physx@@QAEAAU012@$$QAU012@@Z 10003bc0 f i Cooking.obj
 0001:00002c30       ??4HeightFieldData@Gu@physx@@QAEAAU012@ABU012@@Z 10003c30 f i Cooking.obj
 0001:00002ca0       ??_GCooking@physx@@UAEPAXI@Z 10003ca0 f i Cooking.obj
 0001:00002ca0       ??_ECooking@physx@@UAEPAXI@Z 10003ca0 f i Cooking.obj
 0001:00002ce0       ??_EPxBase@physx@@MAEPAXI@Z 10003ce0 f i Cooking.obj
 0001:00002ce0       ??_GPxBase@physx@@MAEPAXI@Z 10003ce0 f i Cooking.obj
 0001:00002d10       ??_GPxCooking@physx@@MAEPAXI@Z 10003d10 f i Cooking.obj
 0001:00002d10       ??_EPxCooking@physx@@MAEPAXI@Z 10003d10 f i Cooking.obj
 0001:00002d40       ?copy@?$Array@UPxDebugLine@physx@@VNamedAllocator@shdfnd@2@@shdfnd@physx@@KAXPAUPxDebugLine@3@0PBU43@@Z 10003d40 f i Cooking.obj
 0001:00002db0       ?getConcreteTypeName@PxConvexMesh@physx@@UBEPBDXZ 10003db0 f i Cooking.obj
 0001:00002dc0       ?getConcreteTypeName@PxHeightField@physx@@UBEPBDXZ 10003dc0 f i Cooking.obj
 0001:00002dd0       ?getConvexEdgeThreshold@HeightField@Gu@physx@@UBEMXZ 10003dd0 f i Cooking.obj
 0001:00002de0       ?getFlags@HeightField@Gu@physx@@UBE?AV?$PxFlags@W4Enum@PxHeightFieldFlag@physx@@G@3@XZ 10003de0 f i Cooking.obj
 0001:00002df0       ?getFormat@HeightField@Gu@physx@@UBE?AW4Enum@PxHeightFieldFormat@3@XZ 10003df0 f i Cooking.obj
 0001:00002e00       ?getHeight@HeightField@Gu@physx@@UBEMMM@Z 10003e00 f i Cooking.obj
 0001:00002e60       ?getHeightInternal2@HeightField@Gu@physx@@QBEMIMM@Z 10003e60 f i Cooking.obj
 0001:00002fb0       ?getIndexBuffer@ConvexMesh@Gu@physx@@UBEPBEXZ 10003fb0 f i Cooking.obj
 0001:00002ff0       ?getNbColumns@HeightField@Gu@physx@@UBEIXZ 10003ff0 f i Cooking.obj
 0001:00003000       ?getNbPolygons@ConvexMesh@Gu@physx@@UBEIXZ 10004000 f i Cooking.obj
 0001:00003010       ?getNbRows@HeightField@Gu@physx@@UBEIXZ 10004010 f i Cooking.obj
 0001:00003020       ?getNbVertices@ConvexMesh@Gu@physx@@UBEIXZ 10004020 f i Cooking.obj
 0001:00003030       ?getPaddedBounds@HeightFieldData@Gu@physx@@QBEABVCenterExtentsPadded@23@XZ 10004030 f i Cooking.obj
 0001:00003040       ?getSample@HeightField@Gu@physx@@UBEABUPxHeightFieldSample@3@II@Z 10004040 f i Cooking.obj
 0001:00003060       ?getSampleStride@HeightField@Gu@physx@@UBEIXZ 10004060 f i Cooking.obj
 0001:00003070       ?getTimestamp@HeightField@Gu@physx@@UBEIXZ 10004070 f i Cooking.obj
 0001:00003080       ?getTriangleMaterialIndex@HeightField@Gu@physx@@UBEGI@Z 10004080 f i Cooking.obj
 0001:000030b0       ?getTriangleNormal@HeightField@Gu@physx@@UBE?AVPxVec3@3@I@Z 100040b0 f i Cooking.obj
 0001:000031a0       ?getVertices@ConvexMesh@Gu@physx@@UBEPBVPxVec3@3@XZ 100041a0 f i Cooking.obj
 0001:000031b0       ?isKindOf@PxBase@physx@@MBE_NPBD@Z 100041b0 f i Cooking.obj
 0001:00003200       ?isKindOf@PxConvexMesh@physx@@MBE_NPBD@Z 10004200 f i Cooking.obj
 0001:00003280       ?isKindOf@PxHeightField@physx@@MBE_NPBD@Z 10004280 f i Cooking.obj
 0001:00003300       ?isReleasable@PxBase@physx@@UBE_NXZ 10004300 f i Cooking.obj
 0001:00003310       ?outputSegment@RenderOutput@Cm@physx@@QAEXABVPxVec3@3@0@Z 10004310 f i Cooking.obj
 0001:000033a0       ?preExportDataReset@ConvexMesh@Gu@physx@@QAEXXZ 100043a0 f i Cooking.obj
 0001:000033b0       ?preExportDataReset@HeightField@Gu@physx@@QAEXXZ 100043b0 f i Cooking.obj
 0001:000033c0       ?recreate@?$Array@UPxDebugLine@physx@@VNamedAllocator@shdfnd@2@@shdfnd@physx@@IAEXI@Z 100043c0 f i Cooking.obj
 0001:00003430       ?reserveSegments@RenderOutput@Cm@physx@@QAEPAUPxDebugLine@3@I@Z 10004430 f i Cooking.obj
 0001:00003490       ??0ReducedVertexCloud@physx@@QAE@PBVPxVec3@1@I@Z 10004490 f   CookingUtils.obj
 0001:000034c0       ??1ReducedVertexCloud@physx@@QAE@XZ 100044c0 f   CookingUtils.obj
 0001:00003500       ?Clean@ReducedVertexCloud@physx@@QAEAAV12@XZ 10004500 f   CookingUtils.obj
 0001:00003540       ?Reduce@ReducedVertexCloud@physx@@QAE_NPAUREDUCEDCLOUD@2@@Z 10004540 f   CookingUtils.obj
 0001:000037e0       ??0EdgeList@Gu@physx@@QAE@XZ 100047e0 f   EdgeList.obj
 0001:00003810       ??1EdgeList@Gu@physx@@QAE@XZ 10004810 f   EdgeList.obj
 0001:00003890       ?load@EdgeList@Gu@physx@@QAE_NAAVPxInputStream@3@@Z 10004890 f   EdgeList.obj
 0001:000039f0       ??0EdgeListBuilder@Gu@physx@@QAE@XZ 100049f0 f   EdgeList.obj
 0001:00003a20       ??1EdgeListBuilder@Gu@physx@@QAE@XZ 10004a20 f   EdgeList.obj
 0001:00003a30       ?init@EdgeListBuilder@Gu@physx@@QAE_NABUEDGELISTCREATE@23@@Z 10004a30 f   EdgeList.obj
 0001:00003b10       ?createFacesToEdges@EdgeListBuilder@Gu@physx@@AAE_NIPBIPBG@Z 10004b10 f   EdgeList.obj
 0001:00003ee0       ?createEdgesToFaces@EdgeListBuilder@Gu@physx@@AAE_NIPBIPBG@Z 10004ee0 f   EdgeList.obj
 0001:000040a0       ?computeActiveEdges@EdgeListBuilder@Gu@physx@@AAE_NIPBIPBGPBVPxVec3@3@M@Z 100050a0 f   EdgeList.obj
 0001:00005860       ??$?_UI@@YAPAXIV?$ReflectionAllocator@I@shdfnd@physx@@PBDH@Z 10006860 f i EdgeList.obj
 0001:000058c0       ??0PxVec3@physx@@QAE@XZ    100068c0 f i EdgeList.obj
 0001:000058d0       ??0MeshCleaner@physx@@QAE@IPBVPxVec3@1@IPBIM@Z 100068d0 f   MeshCleaner.obj
 0001:00006160       ??1MeshCleaner@physx@@QAE@XZ 10007160 f   MeshCleaner.obj
 0001:000061c0       ?createQuantizer@physx@@YAPAVQuantizer@1@XZ 100071c0 f   Quantizer.obj
 0001:000062c0       ?kmeans_cluster3d@@YAIPBVPxVec3@physx@@IIPAV12@PAIMM@Z 100072c0 f   Quantizer.obj
 0001:00006300       ??$kmeans_cluster@VPxVec3@physx@@M@@YAIPBVPxVec3@physx@@IIPAV01@PAIMM@Z 10007300 f i Quantizer.obj
 0001:00006910       ??1Quantizer@physx@@MAE@XZ 10007910 f i Quantizer.obj
 0001:00006920       ??1QuantizerImpl@@EAE@XZ   10007920 f i Quantizer.obj
 0001:00006980       ??_EQuantizer@physx@@MAEPAXI@Z 10007980 f i Quantizer.obj
 0001:00006980       ??_GQuantizer@physx@@MAEPAXI@Z 10007980 f i Quantizer.obj
 0001:000069b0       ??_EQuantizerImpl@@EAEPAXI@Z 100079b0 f i Quantizer.obj
 0001:000069b0       ??_GQuantizerImpl@@EAEPAXI@Z 100079b0 f i Quantizer.obj
 0001:00006a40       ?getDenormalizeCenter@QuantizerImpl@@UBEABVPxVec3@physx@@XZ 10007a40 f i Quantizer.obj
 0001:00006a50       ?getDenormalizeScale@QuantizerImpl@@UBEABVPxVec3@physx@@XZ 10007a50 f i Quantizer.obj
 0001:00006a60       ?growAndPushBack@?$Array@VPxVec3@physx@@VNamedAllocator@shdfnd@2@@shdfnd@physx@@IAEAAVPxVec3@3@ABV43@@Z 10007a60 f i Quantizer.obj
 0001:00006be0       ?kmeansQuantize3D@QuantizerImpl@@UAEPBVPxVec3@physx@@IPBV23@I_NIAAI@Z 10007be0 f i Quantizer.obj
 0001:00006de0       ?normalizeInput@QuantizerImpl@@AAEXIPBVPxVec3@physx@@I@Z 10007de0 f i Quantizer.obj
 0001:00007060       ?release@QuantizerImpl@@UAEXXZ 10008060 f i Quantizer.obj
 0001:00007070       ??0BVHStructureBuilder@physx@@QAE@XZ 10008070 f   BVHStructureBuilder.obj
 0001:000070a0       ??1BVHStructureBuilder@physx@@QAE@XZ 100080a0 f   BVHStructureBuilder.obj
 0001:00007100       ?loadFromDesc@BVHStructureBuilder@physx@@QAE_NABVPxBVHStructureDesc@2@@Z 10008100 f   BVHStructureBuilder.obj
 0001:00007410       ?save@BVHStructureBuilder@physx@@QBE_NAAVPxOutputStream@2@_N@Z 10008410 f   BVHStructureBuilder.obj
 0001:00007520       ?moveData@BVHStructureBuilder@physx@@QAEXAAUBVHStructureData@Gu@2@@Z 10008520 f   BVHStructureBuilder.obj
 0001:00007570       ?flatten@@YAXABVNodeAllocator@Gu@physx@@PAUBVHNode@23@@Z 10008570 f   BVHStructureBuilder.obj
 0001:000076d0       ??$copy@VNamedAllocator@shdfnd@physx@@@?$Array@USlab@NodeAllocator@Gu@physx@@VNamedAllocator@shdfnd@4@@shdfnd@physx@@IAEXABV012@@Z 100086d0 f i BVHStructureBuilder.obj
 0001:00007770       ??0AABBTreeBuildNode@Gu@physx@@QAE@ABV012@@Z 10008770 f i BVHStructureBuilder.obj
 0001:000077b0       ??0AABBTreeBuildNode@Gu@physx@@QAE@XZ 100087b0 f i BVHStructureBuilder.obj
 0001:000077c0       ??0AABBTreeBuildParams@Gu@physx@@QAE@IIPBVPxBounds3@2@@Z 100087c0 f i BVHStructureBuilder.obj
 0001:000077e0       ??0BuildStats@Gu@physx@@QAE@XZ 100087e0 f i BVHStructureBuilder.obj
 0001:000077f0       ??0NodeAllocator@Gu@physx@@QAE@ABV012@@Z 100087f0 f i BVHStructureBuilder.obj
 0001:00007840       ??1AABBTreeBuildNode@Gu@physx@@QAE@XZ 10008840 f i BVHStructureBuilder.obj
 0001:00007850       ??1AABBTreeBuildParams@Gu@physx@@QAE@XZ 10008850 f i BVHStructureBuilder.obj
 0001:00007890       ??4AABBTreeBuildNode@Gu@physx@@QAEAAV012@ABV012@@Z 10008890 f i BVHStructureBuilder.obj
 0001:000078d0       ??4AABBTreeBuildParams@Gu@physx@@QAEAAV012@ABV012@@Z 100088d0 f i BVHStructureBuilder.obj
 0001:000078e0       ??4BuildStats@Gu@physx@@QAEAAU012@$$QAU012@@Z 100088e0 f i BVHStructureBuilder.obj
 0001:00007900       ??4BuildStats@Gu@physx@@QAEAAU012@ABU012@@Z 10008900 f i BVHStructureBuilder.obj
 0001:00007920       ??4NodeAllocator@Gu@physx@@QAEAAV012@ABV012@@Z 10008920 f i BVHStructureBuilder.obj
 0001:000079b0       ??_FAABBTreeBuildParams@Gu@physx@@QAEXXZ 100089b0 f i BVHStructureBuilder.obj
 0001:000079d0       ?__global_array_delete@@YAXPAX@Z 100089d0 f i BVHStructureBuilder.obj
 0001:000079e0       ?__global_array_delete@@YAXPAXI@Z 100089e0 f i BVHStructureBuilder.obj
 0001:000079f0       ?__global_delete@@YAXPAX@Z 100089f0 f i BVHStructureBuilder.obj
 0001:00007a00       ?__global_delete@@YAXPAXI@Z 10008a00 f i BVHStructureBuilder.obj
 0001:00007a10       ?getAABB@AABBTreeBuildNode@Gu@physx@@QBEABVPxBounds3@3@XZ 10008a10 f i BVHStructureBuilder.obj
 0001:00007a20       ?getCount@BuildStats@Gu@physx@@QBEIXZ 10008a20 f i BVHStructureBuilder.obj
 0001:00007a30       ?getNbPrimitives@AABBTreeBuildNode@Gu@physx@@QBEIXZ 10008a30 f i BVHStructureBuilder.obj
 0001:00007a40       ?getNbRuntimePrimitives@AABBTreeBuildNode@Gu@physx@@QBEIXZ 10008a40 f i BVHStructureBuilder.obj
 0001:00007a50       ?getNeg@AABBTreeBuildNode@Gu@physx@@QBEPBV123@XZ 10008a50 f i BVHStructureBuilder.obj
 0001:00007a60       ?getPos@AABBTreeBuildNode@Gu@physx@@QBEPBV123@XZ 10008a60 f i BVHStructureBuilder.obj
 0001:00007a70       ?getPrimitives@AABBTreeBuildNode@Gu@physx@@QAEPAIPAI@Z 10008a70 f i BVHStructureBuilder.obj
 0001:00007a80       ?getPrimitives@AABBTreeBuildNode@Gu@physx@@QBEPBIPBI@Z 10008a80 f i BVHStructureBuilder.obj
 0001:00007a90       ?increaseCount@BuildStats@Gu@physx@@QAEXI@Z 10008a90 f i BVHStructureBuilder.obj
 0001:00007aa0       ?isLeaf@AABBTreeBuildNode@Gu@physx@@QBE_NXZ 10008aa0 f i BVHStructureBuilder.obj
 0001:00007ab0       ?recreate@?$Array@USlab@NodeAllocator@Gu@physx@@VNamedAllocator@shdfnd@4@@shdfnd@physx@@IAEXI@Z 10008ab0 f i BVHStructureBuilder.obj
 0001:00007b50       ?reset@AABBTreeBuildParams@Gu@physx@@QAEXXZ 10008b50 f i BVHStructureBuilder.obj
 0001:00007b90       ?reset@BuildStats@Gu@physx@@QAEXXZ 10008b90 f i BVHStructureBuilder.obj
 0001:00007ba0       ?setCount@BuildStats@Gu@physx@@QAEXI@Z 10008ba0 f i BVHStructureBuilder.obj
 0001:00007bb0       ?setNbRunTimePrimitives@AABBTreeBuildNode@Gu@physx@@QAEXI@Z 10008bb0 f i BVHStructureBuilder.obj
 0001:00007bc0       ?saveHeightField@physx@@YA_NABVHeightField@Gu@1@AAVPxOutputStream@1@_N@Z 10008bc0 f   HeightFieldCooking.obj
 0001:00007da0       ?buildFromTriangles@RTreeCooker@physx@@SAXAAURTree@Gu@2@PBVPxVec3@2@IPBGPBIIAAV?$Array@IVNamedAllocator@shdfnd@physx@@@shdfnd@2@PAURemapCallback@12@MW4Enum@PxMeshCookingHint@2@@Z 10008da0 f   RTreeCooking.obj
 0001:00007fe0       ??$partition@UBoundsLTE@physx@@@quickSelect@physx@@YAIPIAIIIIABUBoundsLTE@1@@Z 10008fe0 f i RTreeCooking.obj
 0001:00008060       ??$quickSelectFirstK@UBoundsLTE@physx@@@quickSelect@physx@@YAXPIAIIIIABUBoundsLTE@1@@Z 10009060 f i RTreeCooking.obj
 0001:00008130       ??$sort@I@shdfnd@physx@@YAXPAII@Z 10009130 f i RTreeCooking.obj
 0001:00008160       ??$sort@IU?$Less@I@shdfnd@physx@@VNamedAllocator@23@@shdfnd@physx@@YAXPAIIABU?$Less@I@01@ABVNamedAllocator@01@I@Z 10009160 f i RTreeCooking.obj
 0001:00008470       ??$sort@IUSortBoundsPredicate@physx@@@shdfnd@physx@@YAXPAIIABUSortBoundsPredicate@1@@Z 10009470 f i RTreeCooking.obj
 0001:000084a0       ??$sort@IUSortBoundsPredicate@physx@@VNamedAllocator@shdfnd@2@@shdfnd@physx@@YAXPAIIABUSortBoundsPredicate@1@ABVNamedAllocator@01@I@Z 100094a0 f i RTreeCooking.obj
 0001:000088e0       ??0?$InlineArray@UInterval@physx@@$0EAA@VNamedAllocator@shdfnd@2@@shdfnd@physx@@QAE@ABVNamedAllocator@12@@Z 100098e0 f i RTreeCooking.obj
 0001:000089a0       ?allocate@?$Array@UInterval@physx@@V?$InlineAllocator@$0CAAA@VNamedAllocator@shdfnd@physx@@@shdfnd@2@@shdfnd@physx@@IAEPAUInterval@3@I@Z 100099a0 f i RTreeCooking.obj
 0001:000097c0       ?copy@?$Array@URTreeNodeNQ@physx@@VNamedAllocator@shdfnd@2@@shdfnd@physx@@KAXPAURTreeNodeNQ@3@0PBU43@@Z 1000a7c0 f i RTreeCooking.obj
 0001:00009830       ?copy@?$Array@VPxVec3@physx@@VNamedAllocator@shdfnd@2@@shdfnd@physx@@KAXPAVPxVec3@3@0PBV43@@Z 1000a830 f i RTreeCooking.obj
 0001:000098f0       ?growAndPushBack@?$Array@IVNamedAllocator@shdfnd@physx@@@shdfnd@physx@@IAEAAIABI@Z 1000a8f0 f i RTreeCooking.obj
 0001:000099a0       ?growAndPushBack@?$Array@UInterval@physx@@V?$InlineAllocator@$0CAAA@VNamedAllocator@shdfnd@physx@@@shdfnd@2@@shdfnd@physx@@IAEAAUInterval@3@ABU43@@Z 1000a9a0 f i RTreeCooking.obj
 0001:00009a60       ?growAndPushBack@?$Array@UPxBounds3V@physx@@VNamedAllocator@shdfnd@2@@shdfnd@physx@@IAEAAUPxBounds3V@3@ABU43@@Z 1000aa60 f i RTreeCooking.obj
 0001:00009b20       ?growAndPushBack@?$Array@URTreeNodeNQ@physx@@VNamedAllocator@shdfnd@2@@shdfnd@physx@@IAEAAURTreeNodeNQ@3@ABU43@@Z 1000ab20 f i RTreeCooking.obj
 0001:00009bf0       ?growAndPushBack@?$Array@URTreeNodeQ@Gu@physx@@VNamedAllocator@shdfnd@3@@shdfnd@physx@@IAEAAURTreeNodeQ@Gu@3@ABU453@@Z 1000abf0 f i RTreeCooking.obj
 0001:00009ce0       ?recreate@?$Array@IVNamedAllocator@shdfnd@physx@@@shdfnd@physx@@IAEXI@Z 1000ace0 f i RTreeCooking.obj
 0001:00009d60       ?recreate@?$Array@UPxBounds3V@physx@@VNamedAllocator@shdfnd@2@@shdfnd@physx@@IAEXI@Z 1000ad60 f i RTreeCooking.obj
 0001:00009df0       ?recreate@?$Array@URTreeNodeNQ@physx@@VNamedAllocator@shdfnd@2@@shdfnd@physx@@IAEXI@Z 1000adf0 f i RTreeCooking.obj
 0001:00009e60       ?recreate@?$Array@URTreeNodeQ@Gu@physx@@VNamedAllocator@shdfnd@3@@shdfnd@physx@@IAEXI@Z 1000ae60 f i RTreeCooking.obj
 0001:00009f00       ?recreate@?$Array@VPxVec3@physx@@VNamedAllocator@shdfnd@2@@shdfnd@physx@@IAEXI@Z 1000af00 f i RTreeCooking.obj
 0001:00009f80       ?resize@?$Array@IVNamedAllocator@shdfnd@physx@@@shdfnd@physx@@QAEXIABI@Z 1000af80 f i RTreeCooking.obj
 0001:0000a020       ?resizeUninitialized@?$Array@URTreeNodeNQ@physx@@VNamedAllocator@shdfnd@2@@shdfnd@physx@@QAEXI@Z 1000b020 f i RTreeCooking.obj
 0001:0000a050       ?sort4@SubSortQuick@physx@@QAEXPIAIIAAV?$Array@URTreeNodeNQ@physx@@VNamedAllocator@shdfnd@2@@shdfnd@2@AAIAAUPxBounds3V@2@I@Z 1000b050 f i RTreeCooking.obj
 0001:0000a460       ?sort4@SubSortSAH@physx@@QAEXPAIIAAV?$Array@URTreeNodeNQ@physx@@VNamedAllocator@shdfnd@2@@shdfnd@2@AAIIPAURTreeNodeNQ@2@@Z 1000b460 f i RTreeCooking.obj
 0001:0000ac40       ?split@SubSortSAH@physx@@QAEIPAII@Z 1000bc40 f i RTreeCooking.obj
 0001:0000b090       ?computeLocalBounds@MeshBulider@physx@@IAEXAAVMeshDataBase@Gu@2@@Z 1000c090 f   MeshBuilder.obj
 0001:0000b110       ??0TriangleMeshBuilder@physx@@QAE@AAVTriangleMeshData@Gu@1@ABUPxCookingParams@1@@Z 1000c110 f   TriangleMeshBuilder.obj
 0001:0000b130       ??1TriangleMeshBuilder@physx@@UAE@XZ 1000c130 f   TriangleMeshBuilder.obj
 0001:0000b160       ?cleanMesh@TriangleMeshBuilder@physx@@QAE_N_NPAW4Enum@PxTriangleMeshCookingResult@2@@Z 1000c160 f   TriangleMeshBuilder.obj
 0001:0000b560       ?remapTopology@TriangleMeshBuilder@physx@@QAEXPBI@Z 1000c560 f   TriangleMeshBuilder.obj
 0001:0000b7b0       ?createSharedEdgeData@TriangleMeshBuilder@physx@@QAEX_N0@Z 1000c7b0 f   TriangleMeshBuilder.obj
 0001:0000bb70       ?recordTriangleIndices@TriangleMeshBuilder@physx@@QAEXXZ 1000cb70 f   TriangleMeshBuilder.obj
 0001:0000bbf0       ?createGRBMidPhaseAndData@TriangleMeshBuilder@physx@@QAEXI@Z 1000cbf0 f   TriangleMeshBuilder.obj
 0001:0000bee0       ?createGRBData@TriangleMeshBuilder@physx@@QAEXXZ 1000cee0 f   TriangleMeshBuilder.obj
 0001:0000bf80       ?loadFromDesc@TriangleMeshBuilder@physx@@QAE_NABVPxTriangleMeshDesc@2@PAW4Enum@PxTriangleMeshCookingResult@2@_N@Z 1000cf80 f   TriangleMeshBuilder.obj
 0001:0000c2a0       ?save@TriangleMeshBuilder@physx@@QBE_NAAVPxOutputStream@2@_NABUPxCookingParams@2@@Z 1000d2a0 f   TriangleMeshBuilder.obj
 0001:0000c7c0       ?checkMeshIndicesSize@TriangleMeshBuilder@physx@@QAEXXZ 1000d7c0 f   TriangleMeshBuilder.obj
 0001:0000c870       ?importMesh@TriangleMeshBuilder@physx@@IAE_NABVPxTriangleMeshDesc@2@ABUPxCookingParams@2@PAW4Enum@PxTriangleMeshCookingResult@2@_N@Z 1000d870 f   TriangleMeshBuilder.obj
 0001:0000cbf0       ?releaseEdgeList@TriangleMeshBuilder@physx@@IAEXXZ 1000dbf0 f   TriangleMeshBuilder.obj
 0001:0000cc20       ?createEdgeList@TriangleMeshBuilder@physx@@IAEXXZ 1000dc20 f   TriangleMeshBuilder.obj
 0001:0000cd00       ??0RTreeTriangleMeshBuilder@physx@@QAE@ABUPxCookingParams@1@@Z 1000dd00 f   TriangleMeshBuilder.obj
 0001:0000cd70       ??1RTreeTriangleMeshBuilder@physx@@UAE@XZ 1000dd70 f   TriangleMeshBuilder.obj
 0001:0000cdf0       ?createMidPhaseStructure@RTreeTriangleMeshBuilder@physx@@UAEXXZ 1000ddf0 f   TriangleMeshBuilder.obj
 0001:0000ced0       ?saveMidPhaseStructure@RTreeTriangleMeshBuilder@physx@@UBEXAAVPxOutputStream@2@_N@Z 1000ded0 f   TriangleMeshBuilder.obj
 0001:0000d060       ??0BV4TriangleMeshBuilder@physx@@QAE@ABUPxCookingParams@1@@Z 1000e060 f   TriangleMeshBuilder.obj
 0001:0000d0b0       ??1BV4TriangleMeshBuilder@physx@@UAE@XZ 1000e0b0 f   TriangleMeshBuilder.obj
 0001:0000d110       ?createMidPhaseStructure@BV4TriangleMeshBuilder@physx@@UAEXXZ 1000e110 f   TriangleMeshBuilder.obj
 0001:0000d310       ?saveMidPhaseStructure@BV4TriangleMeshBuilder@physx@@UBEXAAVPxOutputStream@2@_N@Z 1000e310 f   TriangleMeshBuilder.obj
 0001:0000d4b0       ?onMeshIndexFormatChange@BV4TriangleMeshBuilder@physx@@UAEXXZ 1000e4b0 f   TriangleMeshBuilder.obj
 0001:0000d4e0       ?createMidPhaseStructure@BV32TriangleMeshBuilder@physx@@SAXABUPxCookingParams@2@AAVTriangleMeshData@Gu@2@AAVBV32Tree@52@@Z 1000e4e0 f   TriangleMeshBuilder.obj
 0001:0000d610       ?saveMidPhaseStructure@BV32TriangleMeshBuilder@physx@@SAXPAVBV32Tree@Gu@2@AAVPxOutputStream@2@_N@Z 1000e610 f   TriangleMeshBuilder.obj
 0001:0000d770       ?findSharpVertices@GrbTrimeshCookerHelper@physx@@YAXAAV?$Array@USortedNeighbor@GrbTrimeshCookerHelper@physx@@VNamedAllocator@shdfnd@3@@shdfnd@2@AAV?$Array@USharpEdgeRange@GrbTrimeshCookerHelper@physx@@VNamedAllocator@shdfnd@3@@42@PBUuint3@2@PBUuint4@2@II@Z 1000e770 f   TriangleMeshBuilder.obj
 0001:0000dae0       ?buildVertexConnectionNew_p1@GrbTrimeshCookerHelper@physx@@YAIAAV?$Array@USortedNeighbor@GrbTrimeshCookerHelper@physx@@VNamedAllocator@shdfnd@3@@shdfnd@2@AAV?$Array@USharpEdgeRange@GrbTrimeshCookerHelper@physx@@VNamedAllocator@shdfnd@3@@42@PBUuint3@2@PBUuint4@2@II@Z 1000eae0 f   TriangleMeshBuilder.obj
 0001:0000dbf0       ?buildVertexConnectionNew_p2@GrbTrimeshCookerHelper@physx@@YAXPAI00AAV?$Array@USortedNeighbor@GrbTrimeshCookerHelper@physx@@VNamedAllocator@shdfnd@3@@shdfnd@2@AAV?$Array@USharpEdgeRange@GrbTrimeshCookerHelper@physx@@VNamedAllocator@shdfnd@3@@42@I@Z 1000ebf0 f   TriangleMeshBuilder.obj
 0001:0000dc70       ??$?_UG@@YAPAXIV?$ReflectionAllocator@G@shdfnd@physx@@PBDH@Z 1000ec70 f i TriangleMeshBuilder.obj
 0001:0000dcd0       ??$sort@UEdgeTriLookup@physx@@@shdfnd@physx@@YAXPAUEdgeTriLookup@1@I@Z 1000ecd0 f i TriangleMeshBuilder.obj
 0001:0000dd00       ??$sort@UEdgeTriLookup@physx@@U?$Less@UEdgeTriLookup@physx@@@shdfnd@2@VNamedAllocator@42@@shdfnd@physx@@YAXPAUEdgeTriLookup@1@IABU?$Less@UEdgeTriLookup@physx@@@01@ABVNamedAllocator@01@I@Z 1000ed00 f i TriangleMeshBuilder.obj
 0001:0000e0f0       ??$sort@USortedNeighbor@GrbTrimeshCookerHelper@physx@@@shdfnd@physx@@YAXPAUSortedNeighbor@GrbTrimeshCookerHelper@1@I@Z 1000f0f0 f i TriangleMeshBuilder.obj
 0001:0000e120       ??$sort@USortedNeighbor@GrbTrimeshCookerHelper@physx@@U?$Less@USortedNeighbor@GrbTrimeshCookerHelper@physx@@@shdfnd@3@VNamedAllocator@53@@shdfnd@physx@@YAXPAUSortedNeighbor@GrbTrimeshCookerHelper@1@IABU?$Less@USortedNeighbor@GrbTrimeshCookerHelper@physx@@@01@ABVNamedAllocator@01@I@Z 1000f120 f i TriangleMeshBuilder.obj
 0001:0000e590       ??0PxVec4@physx@@QAE@XZ    1000f590 f i TriangleMeshBuilder.obj
 0001:0000e5a0       ??0TriangleMeshData@Gu@physx@@QAE@XZ 1000f5a0 f i TriangleMeshBuilder.obj
 0001:0000e640       ??1BV4TriangleData@Gu@physx@@UAE@XZ 1000f640 f i TriangleMeshBuilder.obj
 0001:0000e670       ??1MeshDataBase@Gu@physx@@UAE@XZ 1000f670 f i TriangleMeshBuilder.obj
 0001:0000e720       ??1RTreeTriangleData@Gu@physx@@UAE@XZ 1000f720 f i TriangleMeshBuilder.obj
 0001:0000e770       ??1RemapCallback@RTreeCooker@physx@@UAE@XZ 1000f770 f i TriangleMeshBuilder.obj
 0001:0000e780       ??1TriangleMeshData@Gu@physx@@UAE@XZ 1000f780 f i TriangleMeshBuilder.obj
 0001:0000e800       ??_EBV4TriangleData@Gu@physx@@UAEPAXI@Z 1000f800 f i TriangleMeshBuilder.obj
 0001:0000e800       ??_GBV4TriangleData@Gu@physx@@UAEPAXI@Z 1000f800 f i TriangleMeshBuilder.obj
 0001:0000e860       ??_EBV4TriangleMeshBuilder@physx@@UAEPAXI@Z 1000f860 f i TriangleMeshBuilder.obj
 0001:0000e860       ??_GBV4TriangleMeshBuilder@physx@@UAEPAXI@Z 1000f860 f i TriangleMeshBuilder.obj
 0001:0000e8d0       ??_GMeshDataBase@Gu@physx@@UAEPAXI@Z 1000f8d0 f i TriangleMeshBuilder.obj
 0001:0000e8d0       ??_EMeshDataBase@Gu@physx@@UAEPAXI@Z 1000f8d0 f i TriangleMeshBuilder.obj
 0001:0000e910       ??_ERTreeCookerRemap@physx@@UAEPAXI@Z 1000f910 f i TriangleMeshBuilder.obj
 0001:0000e910       ??_GRTreeCookerRemap@physx@@UAEPAXI@Z 1000f910 f i TriangleMeshBuilder.obj
 0001:0000e940       ??_ERTreeTriangleData@Gu@physx@@UAEPAXI@Z 1000f940 f i TriangleMeshBuilder.obj
 0001:0000e940       ??_GRTreeTriangleData@Gu@physx@@UAEPAXI@Z 1000f940 f i TriangleMeshBuilder.obj
 0001:0000e9c0       ??_GRTreeTriangleMeshBuilder@physx@@UAEPAXI@Z 1000f9c0 f i TriangleMeshBuilder.obj
 0001:0000e9c0       ??_ERTreeTriangleMeshBuilder@physx@@UAEPAXI@Z 1000f9c0 f i TriangleMeshBuilder.obj
 0001:0000ea50       ??_ERemapCallback@RTreeCooker@physx@@UAEPAXI@Z 1000fa50 f i TriangleMeshBuilder.obj
 0001:0000ea50       ??_GRemapCallback@RTreeCooker@physx@@UAEPAXI@Z 1000fa50 f i TriangleMeshBuilder.obj
 0001:0000ea80       ??_ETriangleMeshBuilder@physx@@UAEPAXI@Z 1000fa80 f i TriangleMeshBuilder.obj
 0001:0000ea80       ??_GTriangleMeshBuilder@physx@@UAEPAXI@Z 1000fa80 f i TriangleMeshBuilder.obj
 0001:0000ead0       ??_ETriangleMeshData@Gu@physx@@UAEPAXI@Z 1000fad0 f i TriangleMeshBuilder.obj
 0001:0000ead0       ??_GTriangleMeshData@Gu@physx@@UAEPAXI@Z 1000fad0 f i TriangleMeshBuilder.obj
 0001:0000eb10       ?allocateTriangles@TriangleMeshData@Gu@physx@@QAEPAXI_NI@Z 1000fb10 f i TriangleMeshBuilder.obj
 0001:0000f100       ?getMidphaseID@BV4TriangleMeshBuilder@physx@@UBE?AW4Enum@PxMeshMidPhase@2@XZ 10010100 f i TriangleMeshBuilder.obj
 0001:0000f110       ?getMidphaseID@RTreeTriangleMeshBuilder@physx@@UBE?AW4Enum@PxMeshMidPhase@2@XZ 10010110 f i TriangleMeshBuilder.obj
 0001:0000f120       ?growAndPushBack@?$Array@USortedNeighbor@GrbTrimeshCookerHelper@physx@@VNamedAllocator@shdfnd@3@@shdfnd@physx@@IAEAAUSortedNeighbor@GrbTrimeshCookerHelper@3@ABU453@@Z 10010120 f i TriangleMeshBuilder.obj
 0001:0000f1f0       ?onMeshIndexFormatChange@TriangleMeshBuilder@physx@@UAEXXZ 100101f0 f i TriangleMeshBuilder.obj
 0001:0000f200       ?recreate@?$Array@USharpEdgeRange@GrbTrimeshCookerHelper@physx@@VNamedAllocator@shdfnd@3@@shdfnd@physx@@IAEXI@Z 10010200 f i TriangleMeshBuilder.obj
 0001:0000f280       ?recreate@?$Array@USortedNeighbor@GrbTrimeshCookerHelper@physx@@VNamedAllocator@shdfnd@3@@shdfnd@physx@@IAEXI@Z 10010280 f i TriangleMeshBuilder.obj
 0001:0000f320       ?remap@RTreeCookerRemap@physx@@UAEXPAIII@Z 10010320 f i TriangleMeshBuilder.obj
 0001:0000f340       ?resize@?$Array@USharpEdgeRange@GrbTrimeshCookerHelper@physx@@VNamedAllocator@shdfnd@3@@shdfnd@physx@@QAEXIABUSharpEdgeRange@GrbTrimeshCookerHelper@3@@Z 10010340 f i TriangleMeshBuilder.obj
 0001:0000f390       ?resizeUninitialized@?$Array@USortedNeighbor@GrbTrimeshCookerHelper@physx@@VNamedAllocator@shdfnd@3@@shdfnd@physx@@QAEXI@Z 10010390 f i TriangleMeshBuilder.obj
 0001:0000f3c0       ??0BigConvexDataBuilder@physx@@QAE@PBUConvexHullData@Gu@1@PAVBigConvexData@1@PBVPxVec3@1@@Z 100103c0 f   BigConvexDataBuilder.obj
 0001:0000f3e0       ??1BigConvexDataBuilder@physx@@QAE@XZ 100103e0 f   BigConvexDataBuilder.obj
 0001:0000f3f0       ?precompute@BigConvexDataBuilder@physx@@QAE_NI@Z 100103f0 f   BigConvexDataBuilder.obj
 0001:0000fd60       ?initialize@BigConvexDataBuilder@physx@@QAE_NXZ 10010d60 f   BigConvexDataBuilder.obj
 0001:0000fdd0       ?save@BigConvexDataBuilder@physx@@QBE_NAAVPxOutputStream@2@_N@Z 10010dd0 f   BigConvexDataBuilder.obj
 0001:0000ff80       ?computeValencies@BigConvexDataBuilder@physx@@QAE_NABVConvexHullBuilder@2@@Z 10010f80 f   BigConvexDataBuilder.obj
 0001:000102f0       ?saveValencies@BigConvexDataBuilder@physx@@QBE_NAAVPxOutputStream@2@_N@Z 100112f0 f   BigConvexDataBuilder.obj
 0001:00010420       ??0BigConvexData@physx@@QAE@W4PxEMPTY@1@@Z 10011420 f i BigConvexDataBuilder.obj
 0001:00010430       ??4BigConvexData@physx@@QAEAAV01@ABV01@@Z 10011430 f i BigConvexDataBuilder.obj
 0001:00010450       ?GetAdjacentVerts@BigConvexData@physx@@QBEPBEXZ 10011450 f i BigConvexDataBuilder.obj
 0001:00010460       ?GetNbNeighbors@BigConvexData@physx@@QBEGI@Z 10011460 f i BigConvexDataBuilder.obj
 0001:00010470       ?GetNbSamples@BigConvexData@physx@@QBEIXZ 10011470 f i BigConvexDataBuilder.obj
 0001:00010480       ?GetNbVerts@BigConvexData@physx@@QBEIXZ 10011480 f i BigConvexDataBuilder.obj
 0001:00010490       ?GetNeighbors@BigConvexData@physx@@QBEPBEI@Z 10011490 f i BigConvexDataBuilder.obj
 0001:000104b0       ?GetOffset@BigConvexData@physx@@QBEGI@Z 100114b0 f i BigConvexDataBuilder.obj
 0001:000104c0       ?GetSubdiv@BigConvexData@physx@@QBEIXZ 100114c0 f i BigConvexDataBuilder.obj
 0001:000104d0       ?GetValencies@BigConvexData@physx@@QBEPBUValency@Gu@2@XZ 100114d0 f i BigConvexDataBuilder.obj
 0001:000104e0       ?GetValency@BigConvexData@physx@@QBEGI@Z 100114e0 f i BigConvexDataBuilder.obj
 0001:000104f0       ??0ConvexHullBuilder@physx@@QAE@PAUConvexHullData@Gu@1@_N@Z 100114f0 f   ConvexHullBuilder.obj
 0001:00010540       ??1ConvexHullBuilder@physx@@QAE@XZ 10011540 f   ConvexHullBuilder.obj
 0001:00010610       ?init@ConvexHullBuilder@physx@@QAE_NIPBVPxVec3@2@PBIIIPBUPxHullPolygon@2@_NPAVConvexHullLib@2@@Z 10011610 f   ConvexHullBuilder.obj
 0001:00010e60       ?save@ConvexHullBuilder@physx@@QBE_NAAVPxOutputStream@2@_N@Z 10011e60 f   ConvexHullBuilder.obj
 0001:00011110       ?copy@ConvexHullBuilder@physx@@QAE_NAAUConvexHullData@Gu@2@AAI@Z 10012110 f   ConvexHullBuilder.obj
 0001:00011320       ?createEdgeList@ConvexHullBuilder@physx@@QAE_N_NI@Z 10012320 f   ConvexHullBuilder.obj
 0001:00011a90       ?checkHullPolygons@ConvexHullBuilder@physx@@QBE_NXZ 10012a90 f   ConvexHullBuilder.obj
 0001:00011e90       ?calculateVertexMapTable@ConvexHullBuilder@physx@@QAE_NI_N@Z 10012e90 f   ConvexHullBuilder.obj
 0001:00012050       ?computeGeomCenter@ConvexHullBuilder@physx@@IBE_NAAVPxVec3@2@IPAUHullTriangleData@2@@Z 10013050 f   ConvexHullBuilder.obj
 0001:00012290       ??1ConvexHullLib@physx@@UAE@XZ 10013290 f   ConvexHullLib.obj
 0001:000122d0       ?cleanupVertices@ConvexHullLib@physx@@IAE_NIPBVPxVec3@2@IAAIPAV32@AAV32@3@Z 100132d0 f   ConvexHullLib.obj
 0001:00012680       ?shiftAndcleanupVertices@ConvexHullLib@physx@@IAE_NIPBVPxVec3@2@IAAIPAV32@AAV32@3@Z 10013680 f   ConvexHullLib.obj
 0001:00012810       ?swapLargestFace@ConvexHullLib@physx@@IAEXAAVPxConvexMeshDesc@2@@Z 10013810 f   ConvexHullLib.obj
 0001:00012a00       ?shiftConvexMeshDesc@ConvexHullLib@physx@@IAEXAAVPxConvexMeshDesc@2@@Z 10013a00 f   ConvexHullLib.obj
 0001:00012aa0       ??_EConvexHullLib@physx@@UAEPAXI@Z 10013aa0 f i ConvexHullLib.obj
 0001:00012aa0       ??_GConvexHullLib@physx@@UAEPAXI@Z 10013aa0 f i ConvexHullLib.obj
 0001:00012e00       ??0ConvexHull@physx@@QAE@ABVPxVec3@1@0ABV?$Array@VPxPlane@physx@@VNamedAllocator@shdfnd@2@@shdfnd@1@@Z 10013e00 f   ConvexHullUtils.obj
 0001:000138f0       ??0ConvexHull@physx@@QAE@ABVPxVec3@1@ABVPxTransform@1@ABV?$Array@VPxPlane@physx@@VNamedAllocator@shdfnd@2@@shdfnd@1@@Z 100148f0 f   ConvexHullUtils.obj
 0001:00014cd0       ?findCandidatePlane@ConvexHull@physx@@QBEHMM@Z 10015cd0 f   ConvexHullUtils.obj
 0001:00014f50       ?assertIntact@ConvexHull@physx@@QBE_NM@Z 10015f50 f   ConvexHullUtils.obj
 0001:00015220       ?maxNumVertsPerFace@ConvexHull@physx@@QBEIXZ 10016220 f   ConvexHullUtils.obj
 0001:000152a0       ?convexHullCrop@physx@@YAPAVConvexHull@1@ABV21@ABVPxPlane@1@M@Z 100162a0 f   ConvexHullUtils.obj
 0001:000164c0       ?computeOBBFromConvex@physx@@YA_NABVPxConvexMeshDesc@1@AAVPxVec3@1@AAVPxTransform@1@@Z 100174c0 f   ConvexHullUtils.obj
 0001:00016dc0       ?computeOBBSIMD@local@@YAXIPBT__m128@@AAT2@ABT2@1@Z 10017dc0 f   ConvexHullUtils.obj
 0001:00016fa0       ??0Box@Gu@physx@@QAE@ABV012@@Z 10017fa0 f i ConvexHullUtils.obj
 0001:00017010       ??0Box@Gu@physx@@QAE@ABVPxVec3@2@0ABVPxMat33@2@@Z 10018010 f i ConvexHullUtils.obj
 0001:00017080       ??0Box@Gu@physx@@QAE@XZ    10018080 f i ConvexHullUtils.obj
 0001:00017090       ??0HalfEdge@ConvexHull@physx@@QAE@XZ 10018090 f i ConvexHullUtils.obj
 0001:000170a0       ??0PxPlane@physx@@QAE@XZ   100180a0 f i ConvexHullUtils.obj
 0001:000170b0       ??0PxQuat@physx@@QAE@ABVPxMat33@1@@Z 100180b0 f i ConvexHullUtils.obj
 0001:00017270       ??1Box@Gu@physx@@QAE@XZ    10018270 f i ConvexHullUtils.obj
 0001:00017280       ??4Box@Gu@physx@@QAEABV012@ABV012@@Z 10018280 f i ConvexHullUtils.obj
 0001:000172f0       ?computeAABBExtent@Box@Gu@physx@@QBE?AVPxVec3@3@XZ 100182f0 f i ConvexHullUtils.obj
 0001:000173a0       ?computeBoxPoints@Box@Gu@physx@@QBEXPIAVPxVec3@3@@Z 100183a0 f i ConvexHullUtils.obj
 0001:000173c0       ?copy@?$Array@VPxPlane@physx@@VNamedAllocator@shdfnd@2@@shdfnd@physx@@KAXPAVPxPlane@3@0PBV43@@Z 100183c0 f i ConvexHullUtils.obj
 0001:00017410       ?getInverse@PxMat33@physx@@QBE?BV12@XZ 10018410 f i ConvexHullUtils.obj
 0001:00017660       ?getTransform@Box@Gu@physx@@QBE?AVPxTransform@3@XZ 10018660 f i ConvexHullUtils.obj
 0001:000176b0       ?growAndPushBack@?$Array@VHalfEdge@ConvexHull@physx@@VNamedAllocator@shdfnd@3@@shdfnd@physx@@IAEAAVHalfEdge@ConvexHull@3@ABV453@@Z 100186b0 f i ConvexHullUtils.obj
 0001:00017760       ?growAndPushBack@?$Array@VPxPlane@physx@@VNamedAllocator@shdfnd@2@@shdfnd@physx@@IAEAAVPxPlane@3@ABV43@@Z 10018760 f i ConvexHullUtils.obj
 0001:00017810       ?isValid@Box@Gu@physx@@QBE_NXZ 10018810 f i ConvexHullUtils.obj
 0001:00017830       ?recreate@?$Array@VHalfEdge@ConvexHull@physx@@VNamedAllocator@shdfnd@3@@shdfnd@physx@@IAEXI@Z 10018830 f i ConvexHullUtils.obj
 0001:000178b0       ?recreate@?$Array@VPxPlane@physx@@VNamedAllocator@shdfnd@2@@shdfnd@physx@@IAEXI@Z 100188b0 f i ConvexHullUtils.obj
 0001:00017920       ?resize@?$Array@VHalfEdge@ConvexHull@physx@@VNamedAllocator@shdfnd@3@@shdfnd@physx@@QAEXIABVHalfEdge@ConvexHull@3@@Z 10018920 f i ConvexHullUtils.obj
 0001:000179c0       ?resize@?$Array@VPxPlane@physx@@VNamedAllocator@shdfnd@2@@shdfnd@physx@@QAEXIABVPxPlane@3@@Z 100189c0 f i ConvexHullUtils.obj
 0001:00017ac0       ?resize@?$Array@VPxVec3@physx@@VNamedAllocator@shdfnd@2@@shdfnd@physx@@QAEXIABVPxVec3@3@@Z 10018ac0 f i ConvexHullUtils.obj
 0001:00017b90       ?rotate@Box@Gu@physx@@QBE?AVPxVec3@3@ABV43@@Z 10018b90 f i ConvexHullUtils.obj
 0001:00017c20       ?rotateInv@Box@Gu@physx@@QBE?AVPxVec3@3@ABV43@@Z 10018c20 f i ConvexHullUtils.obj
 0001:00017cb0       ?setAxes@Box@Gu@physx@@QAEXABVPxVec3@3@00@Z 10018cb0 f i ConvexHullUtils.obj
 0001:00017d00       ?setEmpty@Box@Gu@physx@@QAEXXZ 10018d00 f i ConvexHullUtils.obj
 0001:00017d70       ?transform@Box@Gu@physx@@QBE?AVPxVec3@3@ABV43@@Z 10018d70 f i ConvexHullUtils.obj
 0001:00017e10       ??0ConvexMeshBuilder@physx@@QAE@_N@Z 10018e10 f   ConvexMeshBuilder.obj
 0001:00017e70       ??1ConvexMeshBuilder@physx@@QAE@XZ 10018e70 f   ConvexMeshBuilder.obj
 0001:00017ea0       ?build@ConvexMeshBuilder@physx@@QAE_NABVPxConvexMeshDesc@2@I_NPAVConvexHullLib@2@@Z 10018ea0 f   ConvexMeshBuilder.obj
 0001:00018160       ?save@ConvexMeshBuilder@physx@@QBE_NAAVPxOutputStream@2@_N@Z 10019160 f   ConvexMeshBuilder.obj
 0001:00018350       ?copy@ConvexMeshBuilder@physx@@QAE_NAAUConvexHullInitData@Gu@2@@Z 10019350 f   ConvexMeshBuilder.obj
 0001:00018440       ?loadConvexHull@ConvexMeshBuilder@physx@@QAE_NABVPxConvexMeshDesc@2@PAVConvexHullLib@2@@Z 10019440 f   ConvexMeshBuilder.obj
 0001:00018620       ?computeHullPolygons@ConvexMeshBuilder@physx@@QAE_NABIPBVPxVec3@2@0PBIAAVPxAllocatorCallback@2@AAIAAPAV32@4AAPAI4AAPAUPxHullPolygon@2@@Z 10019620 f   ConvexMeshBuilder.obj
 0001:000187a0       ?computeGaussMaps@ConvexMeshBuilder@physx@@QAE_NXZ 100197a0 f   ConvexMeshBuilder.obj
 0001:00018870       ?computeMassInfo@ConvexMeshBuilder@physx@@QAEX_N@Z 10019870 f   ConvexMeshBuilder.obj
 0001:00018ce0       ?computeInternalObjects@ConvexMeshBuilder@physx@@QAEXXZ 10019ce0 f   ConvexMeshBuilder.obj
 0001:00019190       ?isFinite@PxVec3@physx@@QBE_NXZ 1001a190 f i ConvexMeshBuilder.obj
 0001:00019200       ??0ConvexPolygonsBuilder@physx@@QAE@PAUConvexHullData@Gu@1@_N@Z 1001a200 f   ConvexPolygonsBuilder.obj
 0001:00019230       ??1ConvexPolygonsBuilder@physx@@QAE@XZ 1001a230 f   ConvexPolygonsBuilder.obj
 0001:00019260       ?computeHullPolygons@ConvexPolygonsBuilder@physx@@QAE_NABIPBVPxVec3@2@0PBI@Z 1001a260 f   ConvexPolygonsBuilder.obj
 0001:0001a100       ?createPolygonData@ConvexPolygonsBuilder@physx@@AAE_NXZ 1001b100 f   ConvexPolygonsBuilder.obj
 0001:0001ac60       ?createTrianglesFromPolygons@ConvexPolygonsBuilder@physx@@AAE_NXZ 1001bc60 f   ConvexPolygonsBuilder.obj
 0001:0001b130       ??$?_UE@@YAPAXIV?$ReflectionAllocator@E@shdfnd@physx@@PBDH@Z 1001c130 f i ConvexPolygonsBuilder.obj
 0001:0001b190       ??$copy@VNamedAllocator@shdfnd@physx@@@?$Array@VPair@@VNamedAllocator@shdfnd@physx@@@shdfnd@physx@@IAEXABV012@@Z 1001c190 f i ConvexPolygonsBuilder.obj
 0001:0001b220       ??4?$Array@IVNamedAllocator@shdfnd@physx@@@shdfnd@physx@@QAEAAV012@ABV012@@Z 1001c220 f i ConvexPolygonsBuilder.obj
 0001:0001cb20       ?growAndPushBack@?$Array@VPair@@VNamedAllocator@shdfnd@physx@@@shdfnd@physx@@IAEAAVPair@@ABV4@@Z 1001db20 f i ConvexPolygonsBuilder.obj
 0001:0001cbe0       ??0QuickHullConvexHullLib@physx@@QAE@ABVPxConvexMeshDesc@1@ABUPxCookingParams@1@@Z 1001dbe0 f   QuickHullConvexHullLib.obj
 0001:0001cca0       ??1QuickHullConvexHullLib@physx@@UAE@XZ 1001dca0 f   QuickHullConvexHullLib.obj
 0001:0001cd20       ?createConvexHull@QuickHullConvexHullLib@physx@@UAE?AW4Enum@PxConvexMeshCookingResult@2@XZ 1001dd20 f   QuickHullConvexHullLib.obj
 0001:0001d230       ?fillConvexMeshDesc@QuickHullConvexHullLib@physx@@UAEXAAVPxConvexMeshDesc@2@@Z 1001e230 f   QuickHullConvexHullLib.obj
 0001:0001d270       ?createEdgeList@QuickHullConvexHullLib@physx@@UAE_NIPBEPAPAEPAPAG2@Z 1001e270 f   QuickHullConvexHullLib.obj
 0001:0001d4b0       ?expandHullOBB@QuickHullConvexHullLib@physx@@IAE?AW4Enum@PxConvexMeshCookingResult@2@XZ 1001e4b0 f   QuickHullConvexHullLib.obj
 0001:0001d930       ?expandHull@QuickHullConvexHullLib@physx@@IAE?AW4Enum@PxConvexMeshCookingResult@2@XZ 1001e930 f   QuickHullConvexHullLib.obj
 0001:0001dfb0       ?cleanupForSimplex@QuickHullConvexHullLib@physx@@IAE_NPAVPxVec3@2@IPAUQuickHullVertex@local@@1AAM2@Z 1001efb0 f   QuickHullConvexHullLib.obj
 0001:0001e6b0       ?fillConvexMeshDescFromQuickHull@QuickHullConvexHullLib@physx@@IAEXAAVPxConvexMeshDesc@2@@Z 1001f6b0 f   QuickHullConvexHullLib.obj
 0001:0001ea60       ?fillConvexMeshDescFromCroppedHull@QuickHullConvexHullLib@physx@@IAEXAAVPxConvexMeshDesc@2@@Z 1001fa60 f   QuickHullConvexHullLib.obj
 0001:0001ec20       ?getOppositeFaceDistance@QuickHullHalfEdge@local@@QBEMXZ 1001fc20 f   QuickHullConvexHullLib.obj
 0001:0001ec60       ?mergeAdjacentFace@QuickHullFace@local@@QAE_NPAUQuickHullHalfEdge@2@AAV?$Array@PAUQuickHullFace@local@@VNamedAllocator@shdfnd@physx@@@shdfnd@physx@@@Z 1001fc60 f   QuickHullConvexHullLib.obj
 0001:0001f060       ?checkFaceConsistency@QuickHullFace@local@@QAE_NXZ 10020060 f   QuickHullConvexHullLib.obj
 0001:0001f070       ?connectHalfEdges@QuickHullFace@local@@AAEPAU12@PAUQuickHullHalfEdge@2@0@Z 10020070 f   QuickHullConvexHullLib.obj
 0001:0001f390       ??0QuickHull@local@@QAE@ABUPxCookingParams@physx@@ABVPxConvexMeshDesc@3@@Z 10020390 f   QuickHullConvexHullLib.obj
 0001:0001f5e0       ??1QuickHull@local@@QAE@XZ 100205e0 f   QuickHullConvexHullLib.obj
 0001:0001f700       ?preallocate@QuickHull@local@@QAEXI@Z 10020700 f   QuickHullConvexHullLib.obj
 0001:0001f830       ?parseInputVertices@QuickHull@local@@QAEXPBVPxVec3@physx@@I@Z 10020830 f   QuickHullConvexHullLib.obj
 0001:0001f890       ?releaseHull@QuickHull@local@@QAEXXZ 10020890 f   QuickHullConvexHullLib.obj
 0001:0001f8c0       ?setPrecomputedMinMax@QuickHull@local@@QAEXPBUQuickHullVertex@2@0MM@Z 100208c0 f   QuickHullConvexHullLib.obj
 0001:0001fa30       ?buildHull@QuickHull@local@@QAE?AW4Enum@QuickHullResult@2@XZ 10020a30 f   QuickHullConvexHullLib.obj
 0001:0001fc60       ?maxNumVertsPerFace@QuickHull@local@@QBEIXZ 10020c60 f   QuickHullConvexHullLib.obj
 0001:0001fc90       ?computeMinMaxVerts@QuickHull@local@@IAEXXZ 10020c90 f   QuickHullConvexHullLib.obj
 0001:0001ffe0       ?findSimplex@QuickHull@local@@IAE_NXZ 10020fe0 f   QuickHullConvexHullLib.obj
 0001:00020480       ?addSimplex@QuickHull@local@@IAEXPAUQuickHullVertex@2@_N@Z 10021480 f   QuickHullConvexHullLib.obj
 0001:00020830       ?nextPointToAdd@QuickHull@local@@IAEPAUQuickHullVertex@2@AAPAUQuickHullFace@2@@Z 10021830 f   QuickHullConvexHullLib.obj
 0001:000208a0       ?addPointToHull@QuickHull@local@@IAE_NPBUQuickHullVertex@2@AAUQuickHullFace@2@AA_N@Z 100218a0 f   QuickHullConvexHullLib.obj
 0001:00020bc0       ?createTriangle@QuickHull@local@@IAEPAUQuickHullFace@2@ABUQuickHullVertex@2@00@Z 10021bc0 f   QuickHullConvexHullLib.obj
 0001:00020f30       ?addPointToFace@QuickHull@local@@IAEXAAUQuickHullFace@2@PAUQuickHullVertex@2@M@Z 10021f30 f   QuickHullConvexHullLib.obj
 0001:00020f80       ?removeEyePointFromFace@QuickHull@local@@IAEXAAUQuickHullFace@2@PBUQuickHullVertex@2@@Z 10021f80 f   QuickHullConvexHullLib.obj
 0001:00020f90       ?calculateHorizon@QuickHull@local@@IAEXABVPxVec3@physx@@PAUQuickHullHalfEdge@2@AAUQuickHullFace@2@AAV?$Array@PAUQuickHullHalfEdge@local@@VNamedAllocator@shdfnd@physx@@@shdfnd@4@AAV?$Array@PAUQuickHullFace@local@@VNamedAllocator@shdfnd@physx@@@84@@Z 10021f90 f   QuickHullConvexHullLib.obj
 0001:000210a0       ?addNewFacesFromHorizon@QuickHull@local@@IAEXPBUQuickHullVertex@2@ABV?$Array@PAUQuickHullHalfEdge@local@@VNamedAllocator@shdfnd@physx@@@shdfnd@physx@@AAV?$Array@PAUQuickHullFace@local@@VNamedAllocator@shdfnd@physx@@@56@@Z 100220a0 f   QuickHullConvexHullLib.obj
 0001:000211b0       ?doAdjacentMerge@QuickHull@local@@IAE_NAAUQuickHullFace@2@_NAA_N@Z 100221b0 f   QuickHullConvexHullLib.obj
 0001:000213f0       ?doPostAdjacentMerge@QuickHull@local@@IAE_NAAUQuickHullFace@2@M@Z 100223f0 f   QuickHullConvexHullLib.obj
 0001:00021500       ?deleteFacePoints@QuickHull@local@@IAEXAAUQuickHullFace@2@PAU32@@Z 10022500 f   QuickHullConvexHullLib.obj
 0001:000215f0       ?resolveUnclaimedPoints@QuickHull@local@@IAEXABV?$Array@PAUQuickHullFace@local@@VNamedAllocator@shdfnd@physx@@@shdfnd@physx@@@Z 100225f0 f   QuickHullConvexHullLib.obj
 0001:000216f0       ?postMergeHull@QuickHull@local@@IAEXXZ 100226f0 f   QuickHullConvexHullLib.obj
 0001:00021820       ?canMergeFaces@QuickHull@local@@IAE_NABUQuickHullHalfEdge@2@@Z 10022820 f   QuickHullConvexHullLib.obj
 0001:00021f40       ?getExpandPoint@local@@YAXABUQuickHullHalfEdge@1@AAUExpandPoint@1@PBV?$Array@IVNamedAllocator@shdfnd@physx@@@shdfnd@physx@@@Z 10022f40 f   QuickHullConvexHullLib.obj
 0001:00021ff0       ?addExpandPoint@local@@YAXABUExpandPoint@1@AAV?$Array@UExpandPoint@local@@VNamedAllocator@shdfnd@physx@@@shdfnd@physx@@@Z 10022ff0 f   QuickHullConvexHullLib.obj
 0001:000220d0       ??0PxPlane@physx@@QAE@ABV01@@Z 100230d0 f i QuickHullConvexHullLib.obj
 0001:000220f0       ??0QuickHullVertex@local@@QAE@XZ 100230f0 f i QuickHullConvexHullLib.obj
 0001:00022100       ??1?$MemBlock@UQuickHullFace@local@@$00@local@@QAE@XZ 10023100 f i QuickHullConvexHullLib.obj
 0001:00022160       ??1?$MemBlock@UQuickHullHalfEdge@local@@$0A@@local@@QAE@XZ 10023160 f i QuickHullConvexHullLib.obj
 0001:000221c0       ??_GConvexHull@physx@@QAEPAXI@Z 100231c0 f i QuickHullConvexHullLib.obj
 0001:00022260       ??_GQuickHull@local@@QAEPAXI@Z 10023260 f i QuickHullConvexHullLib.obj
 0001:000223b0       ??_GQuickHullConvexHullLib@physx@@UAEPAXI@Z 100233b0 f i QuickHullConvexHullLib.obj
 0001:000223b0       ??_EQuickHullConvexHullLib@physx@@UAEPAXI@Z 100233b0 f i QuickHullConvexHullLib.obj
 0001:00022460       ??__G@YGXPAX0IIP6EPAX00@Z@Z 10023460 f i QuickHullConvexHullLib.obj
 0001:000224a0       ?copy@?$Array@UExpandPoint@local@@VNamedAllocator@shdfnd@physx@@@shdfnd@physx@@KAXPAUExpandPoint@local@@0PBU45@@Z 100234a0 f i QuickHullConvexHullLib.obj
 0001:00022530       ?getFreeItem@?$MemBlock@UQuickHullFace@local@@$00@local@@QAEPAUQuickHullFace@2@XZ 10023530 f i QuickHullConvexHullLib.obj
 0001:00022620       ?getFreeItem@?$MemBlock@UQuickHullHalfEdge@local@@$0A@@local@@QAEPAUQuickHullHalfEdge@2@XZ 10023620 f i QuickHullConvexHullLib.obj
 0001:000226d0       ?growAndPushBack@?$Array@PAUQuickHullFace@local@@VNamedAllocator@shdfnd@physx@@@shdfnd@physx@@IAEAAPAUQuickHullFace@local@@ABQAU45@@Z 100236d0 f i QuickHullConvexHullLib.obj
 0001:00022780       ?growAndPushBack@?$Array@PAUQuickHullHalfEdge@local@@VNamedAllocator@shdfnd@physx@@@shdfnd@physx@@IAEAAPAUQuickHullHalfEdge@local@@ABQAU45@@Z 10023780 f i QuickHullConvexHullLib.obj
 0001:00022830       ?growAndPushBack@?$Array@PAUQuickHullVertex@local@@VNamedAllocator@shdfnd@physx@@@shdfnd@physx@@IAEAAPAUQuickHullVertex@local@@ABQAU45@@Z 10023830 f i QuickHullConvexHullLib.obj
 0001:000228e0       ?growAndPushBack@?$Array@UExpandPoint@local@@VNamedAllocator@shdfnd@physx@@@shdfnd@physx@@IAEAAUExpandPoint@local@@ABU45@@Z 100238e0 f i QuickHullConvexHullLib.obj
 0001:000229f0       ?init@?$MemBlock@UQuickHullFace@local@@$00@local@@QAEXI@Z 100239f0 f i QuickHullConvexHullLib.obj
 0001:00022aa0       ?init@?$MemBlock@UQuickHullHalfEdge@local@@$0A@@local@@QAEXI@Z 10023aa0 f i QuickHullConvexHullLib.obj
 0001:00022b10       ?recreate@?$Array@PAUQuickHullFace@local@@VNamedAllocator@shdfnd@physx@@@shdfnd@physx@@IAEXI@Z 10023b10 f i QuickHullConvexHullLib.obj
 0001:00022b90       ?recreate@?$Array@PAUQuickHullHalfEdge@local@@VNamedAllocator@shdfnd@physx@@@shdfnd@physx@@IAEXI@Z 10023b90 f i QuickHullConvexHullLib.obj
 0001:00022c10       ?recreate@?$Array@PAUQuickHullVertex@local@@VNamedAllocator@shdfnd@physx@@@shdfnd@physx@@IAEXI@Z 10023c10 f i QuickHullConvexHullLib.obj
 0001:00022c90       ?recreate@?$Array@UExpandPoint@local@@VNamedAllocator@shdfnd@physx@@@shdfnd@physx@@IAEXI@Z 10023c90 f i QuickHullConvexHullLib.obj
 0001:00022d10       ?computeVolumeIntegrals@physx@@YA_NABVPxSimpleTriangleMesh@1@MAAUPxIntegrals@1@@Z 10023d10 f   VolumeIntegration.obj
 0001:00022d80       ?computeVolumeIntegralsEberly@physx@@YA_NABVPxConvexMeshDesc@1@MAAUPxIntegrals@1@ABVPxVec3@1@@Z 10023d80 f   VolumeIntegration.obj
 0001:00022dd0       ?computeVolumeIntegralsEberlySIMD@physx@@YA_NABVPxConvexMeshDesc@1@MAAUPxIntegrals@1@ABVPxVec3@1@@Z 10023dd0 f   VolumeIntegration.obj
 0001:000251c0       _PxSetPhysXCookingDelayLoadHook 100261c0 f   WindowsCookingDelayLoadHook.obj
 0001:000251d0       ?cookingDelayHook@@YGP6GHXZIPAUDelayLoadInfo@@@Z 100261d0 f   WindowsCookingDelayLoadHook.obj
 0001:00025270       __imp_load_??0RadixSortBuffered@Cm@physx@@QAE@XZ 10026270 f   PhysXCommon_32:PhysXCommon_32.dll
 0001:0002527a       ??0RadixSortBuffered@Cm@physx@@QAE@XZ 1002627a f   PhysXCommon_32:PhysXCommon_32.dll
 0001:00025280       __tailMerge_physxcommon_32_dll 10026280     PhysXCommon_32:PhysXCommon_32.dll
 0001:00025291       __imp_load_??1RadixSortBuffered@Cm@physx@@UAE@XZ 10026291 f   PhysXCommon_32:PhysXCommon_32.dll
 0001:0002529b       ??1RadixSortBuffered@Cm@physx@@UAE@XZ 1002629b f   PhysXCommon_32:PhysXCommon_32.dll
 0001:000252a1       __imp_load_?Sort@RadixSortBuffered@Cm@physx@@QAEAAV123@PBIIW4RadixHint@23@@Z 100262a1 f   PhysXCommon_32:PhysXCommon_32.dll
 0001:000252ab       ?Sort@RadixSortBuffered@Cm@physx@@QAEAAV123@PBIIW4RadixHint@23@@Z 100262ab f   PhysXCommon_32:PhysXCommon_32.dll
 0001:000252b1       __imp_load_?readDword@physx@@YAI_NAAVPxInputStream@1@@Z 100262b1 f   PhysXCommon_32:PhysXCommon_32.dll
 0001:000252bb       ?readDword@physx@@YAI_NAAVPxInputStream@1@@Z 100262bb f   PhysXCommon_32:PhysXCommon_32.dll
 0001:000252c1       __imp_load_?ReadHeader@Gu@physx@@YA_NEEEEAAIAA_NAAVPxInputStream@2@@Z 100262c1 f   PhysXCommon_32:PhysXCommon_32.dll
 0001:000252cb       ?ReadHeader@Gu@physx@@YA_NEEEEAAIAA_NAAVPxInputStream@2@@Z 100262cb f   PhysXCommon_32:PhysXCommon_32.dll
 0001:000252d1       __imp_load_??0HeightField@Gu@physx@@QAE@PAVGuMeshFactory@2@@Z 100262d1 f   PhysXCommon_32:PhysXCommon_32.dll
 0001:000252db       ??0HeightField@Gu@physx@@QAE@PAVGuMeshFactory@2@@Z 100262db f   PhysXCommon_32:PhysXCommon_32.dll
 0001:000252e1       __imp_load_?loadFromDesc@HeightField@Gu@physx@@QAE_NABVPxHeightFieldDesc@3@@Z 100262e1 f   PhysXCommon_32:PhysXCommon_32.dll
 0001:000252eb       ?loadFromDesc@HeightField@Gu@physx@@QAE_NABVPxHeightFieldDesc@3@@Z 100262eb f   PhysXCommon_32:PhysXCommon_32.dll
 0001:000252f1       __imp_load_?computeCellCoordinates@HeightField@Gu@physx@@QBEIMMAAM0@Z 100262f1 f   PhysXCommon_32:PhysXCommon_32.dll
 0001:000252fb       ?computeCellCoordinates@HeightField@Gu@physx@@QBEIMMAAM0@Z 100262fb f   PhysXCommon_32:PhysXCommon_32.dll
 0001:00025301       __imp_load_?releaseMemory@HeightField@Gu@physx@@QAEXXZ 10026301 f   PhysXCommon_32:PhysXCommon_32.dll
 0001:0002530b       ?releaseMemory@HeightField@Gu@physx@@QAEXXZ 1002630b f   PhysXCommon_32:PhysXCommon_32.dll
 0001:00025311       __imp_load_??1HeightField@Gu@physx@@UAE@XZ 10026311 f   PhysXCommon_32:PhysXCommon_32.dll
 0001:0002531b       ??1HeightField@Gu@physx@@UAE@XZ 1002631b f   PhysXCommon_32:PhysXCommon_32.dll
 0001:00025321       __imp_load_??0NodeAllocator@Gu@physx@@QAE@XZ 10026321 f   PhysXCommon_32:PhysXCommon_32.dll
 0001:0002532b       ??0NodeAllocator@Gu@physx@@QAE@XZ 1002632b f   PhysXCommon_32:PhysXCommon_32.dll
 0001:00025331       __imp_load_??1NodeAllocator@Gu@physx@@QAE@XZ 10026331 f   PhysXCommon_32:PhysXCommon_32.dll
 0001:0002533b       ??1NodeAllocator@Gu@physx@@QAE@XZ 1002633b f   PhysXCommon_32:PhysXCommon_32.dll
 0001:00025341       __imp_load_?release@NodeAllocator@Gu@physx@@QAEXXZ 10026341 f   PhysXCommon_32:PhysXCommon_32.dll
 0001:0002534b       ?release@NodeAllocator@Gu@physx@@QAEXXZ 1002634b f   PhysXCommon_32:PhysXCommon_32.dll
 0001:00025351       __imp_load_?buildAABBTree@Gu@physx@@YA_NAAVAABBTreeBuildParams@12@AAVNodeAllocator@12@AAUBuildStats@12@AAPAI@Z 10026351 f   PhysXCommon_32:PhysXCommon_32.dll
 0001:0002535b       ?buildAABBTree@Gu@physx@@YA_NAAVAABBTreeBuildParams@12@AAVNodeAllocator@12@AAUBuildStats@12@AAPAI@Z 1002635b f   PhysXCommon_32:PhysXCommon_32.dll
 0001:00025361       __imp_load_?writeDword@physx@@YAXI_NAAVPxOutputStream@1@@Z 10026361 f   PhysXCommon_32:PhysXCommon_32.dll
 0001:0002536b       ?writeDword@physx@@YAXI_NAAVPxOutputStream@1@@Z 1002636b f   PhysXCommon_32:PhysXCommon_32.dll
 0001:00025371       __imp_load_?writeFloatBuffer@physx@@YAXPBMI_NAAVPxOutputStream@1@@Z 10026371 f   PhysXCommon_32:PhysXCommon_32.dll
 0001:0002537b       ?writeFloatBuffer@physx@@YAXPBMI_NAAVPxOutputStream@1@@Z 1002637b f   PhysXCommon_32:PhysXCommon_32.dll
 0001:00025381       __imp_load_?writeHeader@physx@@YA_NCCCCI_NAAVPxOutputStream@1@@Z 10026381 f   PhysXCommon_32:PhysXCommon_32.dll
 0001:0002538b       ?writeHeader@physx@@YA_NCCCCI_NAAVPxOutputStream@1@@Z 1002638b f   PhysXCommon_32:PhysXCommon_32.dll
 0001:00025391       __imp_load_?writeWord@physx@@YAXG_NAAVPxOutputStream@1@@Z 10026391 f   PhysXCommon_32:PhysXCommon_32.dll
 0001:0002539b       ?writeWord@physx@@YAXG_NAAVPxOutputStream@1@@Z 1002639b f   PhysXCommon_32:PhysXCommon_32.dll
 0001:000253a1       __imp_load_?writeFloat@physx@@YAXM_NAAVPxOutputStream@1@@Z 100263a1 f   PhysXCommon_32:PhysXCommon_32.dll
 0001:000253ab       ?writeFloat@physx@@YAXM_NAAVPxOutputStream@1@@Z 100263ab f   PhysXCommon_32:PhysXCommon_32.dll
 0001:000253b1       __imp_load_?computeBoundsAroundVertices@Gu@physx@@YAXAAVPxBounds3@2@IPIBVPxVec3@2@@Z 100263b1 f   PhysXCommon_32:PhysXCommon_32.dll
 0001:000253bb       ?computeBoundsAroundVertices@Gu@physx@@YAXAAVPxBounds3@2@IPIBVPxVec3@2@@Z 100263bb f   PhysXCommon_32:PhysXCommon_32.dll
 0001:000253c1       __imp_load_??0SourceMesh@Gu@physx@@QAE@XZ 100263c1 f   PhysXCommon_32:PhysXCommon_32.dll
 0001:000253cb       ??0SourceMesh@Gu@physx@@QAE@XZ 100263cb f   PhysXCommon_32:PhysXCommon_32.dll
 0001:000253d1       __imp_load_??1SourceMesh@Gu@physx@@QAE@XZ 100263d1 f   PhysXCommon_32:PhysXCommon_32.dll
 0001:000253db       ??1SourceMesh@Gu@physx@@QAE@XZ 100263db f   PhysXCommon_32:PhysXCommon_32.dll
 0001:000253e1       __imp_load_??0BV4Tree@Gu@physx@@QAE@XZ 100263e1 f   PhysXCommon_32:PhysXCommon_32.dll
 0001:000253eb       ??0BV4Tree@Gu@physx@@QAE@XZ 100263eb f   PhysXCommon_32:PhysXCommon_32.dll
 0001:000253f1       __imp_load_??1BV4Tree@Gu@physx@@QAE@XZ 100263f1 f   PhysXCommon_32:PhysXCommon_32.dll
 0001:000253fb       ??1BV4Tree@Gu@physx@@QAE@XZ 100263fb f   PhysXCommon_32:PhysXCommon_32.dll
 0001:00025401       __imp_load_??0BV32Tree@Gu@physx@@QAE@XZ 10026401 f   PhysXCommon_32:PhysXCommon_32.dll
 0001:0002540b       ??0BV32Tree@Gu@physx@@QAE@XZ 1002640b f   PhysXCommon_32:PhysXCommon_32.dll
 0001:00025411       __imp_load_??1BV32Tree@Gu@physx@@QAE@XZ 10026411 f   PhysXCommon_32:PhysXCommon_32.dll
 0001:0002541b       ??1BV32Tree@Gu@physx@@QAE@XZ 1002641b f   PhysXCommon_32:PhysXCommon_32.dll
 0001:00025421       __imp_load_?writeWordBuffer@physx@@YAXPBGI_NAAVPxOutputStream@1@@Z 10026421 f   PhysXCommon_32:PhysXCommon_32.dll
 0001:0002542b       ?writeWordBuffer@physx@@YAXPBGI_NAAVPxOutputStream@1@@Z 1002642b f   PhysXCommon_32:PhysXCommon_32.dll
 0001:00025431       __imp_load_?computeMaxIndex@physx@@YAIPBII@Z 10026431 f   PhysXCommon_32:PhysXCommon_32.dll
 0001:0002543b       ?computeMaxIndex@physx@@YAIPBII@Z 1002643b f   PhysXCommon_32:PhysXCommon_32.dll
 0001:00025441       __imp_load_?storeIndices@physx@@YAXIIPBIAAVPxOutputStream@1@_N@Z 10026441 f   PhysXCommon_32:PhysXCommon_32.dll
 0001:0002544b       ?storeIndices@physx@@YAXIIPBIAAVPxOutputStream@1@_N@Z 1002644b f   PhysXCommon_32:PhysXCommon_32.dll
 0001:00025451       __imp_load_?BuildBV4Ex@Gu@physx@@YA_NAAVBV4Tree@12@AAVSourceMesh@12@MI@Z 10026451 f   PhysXCommon_32:PhysXCommon_32.dll
 0001:0002545b       ?BuildBV4Ex@Gu@physx@@YA_NAAVBV4Tree@12@AAVSourceMesh@12@MI@Z 1002645b f   PhysXCommon_32:PhysXCommon_32.dll
 0001:00025461       __imp_load_?BuildBV32Ex@Gu@physx@@YA_NAAVBV32Tree@12@AAVSourceMesh@12@MI@Z 10026461 f   PhysXCommon_32:PhysXCommon_32.dll
 0001:0002546b       ?BuildBV32Ex@Gu@physx@@YA_NAAVBV32Tree@12@AAVSourceMesh@12@MI@Z 1002646b f   PhysXCommon_32:PhysXCommon_32.dll
 0001:00025471       __imp_load_?computeMaxIndex@physx@@YAGPBGI@Z 10026471 f   PhysXCommon_32:PhysXCommon_32.dll
 0001:0002547b       ?computeMaxIndex@physx@@YAGPBGI@Z 1002647b f   PhysXCommon_32:PhysXCommon_32.dll
 0001:00025481       __imp_load_?WriteHeader@Gu@physx@@YA_NEEEEI_NAAVPxOutputStream@2@@Z 10026481 f   PhysXCommon_32:PhysXCommon_32.dll
 0001:0002548b       ?WriteHeader@Gu@physx@@YA_NEEEEI_NAAVPxOutputStream@2@@Z 1002648b f   PhysXCommon_32:PhysXCommon_32.dll
 0001:00025491       __imp_load_?StoreIndices@Gu@physx@@YAXGIPBGAAVPxOutputStream@2@_N@Z 10026491 f   PhysXCommon_32:PhysXCommon_32.dll
 0001:0002549b       ?StoreIndices@Gu@physx@@YAXGIPBGAAVPxOutputStream@2@_N@Z 1002649b f   PhysXCommon_32:PhysXCommon_32.dll
 0001:000254a1       __imp_load_?CreateOffsets@BigConvexData@physx@@IAEXXZ 100264a1 f   PhysXCommon_32:PhysXCommon_32.dll
 0001:000254ab       ?CreateOffsets@BigConvexData@physx@@IAEXXZ 100264ab f   PhysXCommon_32:PhysXCommon_32.dll
 0001:000254b1       __imp_load_?computeOBBPoints@Gu@physx@@YAXPIAVPxVec3@2@ABV32@1111@Z 100264b1 f   PhysXCommon_32:PhysXCommon_32.dll
 0001:000254bb       ?computeOBBPoints@Gu@physx@@YAXPIAVPxVec3@2@ABV32@1111@Z 100264bb f   PhysXCommon_32:PhysXCommon_32.dll
 0001:000254c1       __imp_load_??0BigConvexData@physx@@QAE@XZ 100264c1 f   PhysXCommon_32:PhysXCommon_32.dll
 0001:000254cb       ??0BigConvexData@physx@@QAE@XZ 100264cb f   PhysXCommon_32:PhysXCommon_32.dll
 0001:000254d1       __imp_load_??1BigConvexData@physx@@QAE@XZ 100264d1 f   PhysXCommon_32:PhysXCommon_32.dll
 0001:000254db       ??1BigConvexData@physx@@QAE@XZ 100264db f   PhysXCommon_32:PhysXCommon_32.dll
 0001:000254e1       __imp_load__PxGetFoundation 100264e1 f   PhysXFoundation_32:PhysXFoundation_32.dll
 0001:000254eb       _PxGetFoundation           100264eb f   PhysXFoundation_32:PhysXFoundation_32.dll
 0001:000254f1       __tailMerge_physxfoundation_32_dll 100264f1     PhysXFoundation_32:PhysXFoundation_32.dll
 0001:00025502       __imp_load_?getAllocator@shdfnd@physx@@YAAAVPxAllocatorCallback@2@XZ 10026502 f   PhysXFoundation_32:PhysXFoundation_32.dll
 0001:0002550c       ?getAllocator@shdfnd@physx@@YAAAVPxAllocatorCallback@2@XZ 1002650c f   PhysXFoundation_32:PhysXFoundation_32.dll
 0001:00025512       __imp_load_??0NamedAllocator@shdfnd@physx@@QAE@PBD@Z 10026512 f   PhysXFoundation_32:PhysXFoundation_32.dll
 0001:0002551c       ??0NamedAllocator@shdfnd@physx@@QAE@PBD@Z 1002651c f   PhysXFoundation_32:PhysXFoundation_32.dll
 0001:00025522       __imp_load_?getInstance@Foundation@shdfnd@physx@@SAAAV123@XZ 10026522 f   PhysXFoundation_32:PhysXFoundation_32.dll
 0001:0002552c       ?getInstance@Foundation@shdfnd@physx@@SAAAV123@XZ 1002652c f   PhysXFoundation_32:PhysXFoundation_32.dll
 0001:00025532       __imp_load_?error@Foundation@shdfnd@physx@@QAAXW4Enum@PxErrorCode@3@PBDH1ZZ 10026532 f   PhysXFoundation_32:PhysXFoundation_32.dll
 0001:0002553c       ?error@Foundation@shdfnd@physx@@QAAXW4Enum@PxErrorCode@3@PBDH1ZZ 1002653c f   PhysXFoundation_32:PhysXFoundation_32.dll
 0001:00025542       __imp_load_?allocate@NamedAllocator@shdfnd@physx@@QAEPAXIPBDH@Z 10026542 f   PhysXFoundation_32:PhysXFoundation_32.dll
 0001:0002554c       ?allocate@NamedAllocator@shdfnd@physx@@QAEPAXIPBDH@Z 1002654c f   PhysXFoundation_32:PhysXFoundation_32.dll
 0001:00025552       __imp_load_?deallocate@NamedAllocator@shdfnd@physx@@QAEXPAX@Z 10026552 f   PhysXFoundation_32:PhysXFoundation_32.dll
 0001:0002555c       ?deallocate@NamedAllocator@shdfnd@physx@@QAEXPAX@Z 1002655c f   PhysXFoundation_32:PhysXFoundation_32.dll
 0001:00025562       __imp_load_?incRefCount@Foundation@shdfnd@physx@@SAXXZ 10026562 f   PhysXFoundation_32:PhysXFoundation_32.dll
 0001:0002556c       ?incRefCount@Foundation@shdfnd@physx@@SAXXZ 1002656c f   PhysXFoundation_32:PhysXFoundation_32.dll
 0001:00025572       __imp_load_?decRefCount@Foundation@shdfnd@physx@@SAXXZ 10026572 f   PhysXFoundation_32:PhysXFoundation_32.dll
 0001:0002557c       ?decRefCount@Foundation@shdfnd@physx@@SAXXZ 1002657c f   PhysXFoundation_32:PhysXFoundation_32.dll
 0001:00025582       __imp_load_??0FPUGuard@shdfnd@physx@@QAE@XZ 10026582 f   PhysXFoundation_32:PhysXFoundation_32.dll
 0001:0002558c       ??0FPUGuard@shdfnd@physx@@QAE@XZ 1002658c f   PhysXFoundation_32:PhysXFoundation_32.dll
 0001:00025592       __imp_load_??1FPUGuard@shdfnd@physx@@QAE@XZ 10026592 f   PhysXFoundation_32:PhysXFoundation_32.dll
 0001:0002559c       ??1FPUGuard@shdfnd@physx@@QAE@XZ 1002659c f   PhysXFoundation_32:PhysXFoundation_32.dll
 0001:000255a2       __imp_load_??1NamedAllocator@shdfnd@physx@@QAE@XZ 100265a2 f   PhysXFoundation_32:PhysXFoundation_32.dll
 0001:000255ac       ??1NamedAllocator@shdfnd@physx@@QAE@XZ 100265ac f   PhysXFoundation_32:PhysXFoundation_32.dll
 0001:000255b2       __imp_load_??0NamedAllocator@shdfnd@physx@@QAE@ABV012@@Z 100265b2 f   PhysXFoundation_32:PhysXFoundation_32.dll
 0001:000255bc       ??0NamedAllocator@shdfnd@physx@@QAE@ABV012@@Z 100265bc f   PhysXFoundation_32:PhysXFoundation_32.dll
 0001:000255c2       __imp_load_?allocate@TempAllocator@shdfnd@physx@@QAEPAXIPBDH@Z 100265c2 f   PhysXFoundation_32:PhysXFoundation_32.dll
 0001:000255cc       ?allocate@TempAllocator@shdfnd@physx@@QAEPAXIPBDH@Z 100265cc f   PhysXFoundation_32:PhysXFoundation_32.dll
 0001:000255d2       __imp_load_?deallocate@TempAllocator@shdfnd@physx@@QAEXPAX@Z 100265d2 f   PhysXFoundation_32:PhysXFoundation_32.dll
 0001:000255dc       ?deallocate@TempAllocator@shdfnd@physx@@QAEXPAX@Z 100265dc f   PhysXFoundation_32:PhysXFoundation_32.dll
 0001:000255e2       __imp_load_?PxDiagonalize@physx@@YA?AVPxVec3@1@ABVPxMat33@1@AAVPxQuat@1@@Z 100265e2 f   PhysXFoundation_32:PhysXFoundation_32.dll
 0001:000255ec       ?PxDiagonalize@physx@@YA?AVPxVec3@1@ABVPxMat33@1@AAVPxQuat@1@@Z 100265ec f   PhysXFoundation_32:PhysXFoundation_32.dll
 0001:000255f2       _LoadLibraryA@4            100265f2 f   kernel32:KERNEL32.dll
 0001:000255f8       ??$PFromRva@PAP6GHXZ@@YGPAP6GHXZK@Z 100265f8 f i Delayimp:delayhlp.obj
 0001:0002560a       ??$PFromRva@PAPAUHINSTANCE__@@@@YGPAPAUHINSTANCE__@@K@Z 1002660a f i Delayimp:delayhlp.obj
 0001:0002561c       ??$PFromRva@PAU_IMAGE_IMPORT_BY_NAME@@@@YGPAU_IMAGE_IMPORT_BY_NAME@@K@Z 1002661c f i Delayimp:delayhlp.obj
 0001:0002562e       ??$PFromRva@PAU_IMAGE_THUNK_DATA32@@@@YGPAU_IMAGE_THUNK_DATA32@@K@Z 1002662e f i Delayimp:delayhlp.obj
 0001:00025640       ??$PFromRva@PBD@@YGPBDK@Z  10026640 f i Delayimp:delayhlp.obj
 0001:00025652       ??$PFromRva@PBUImgDelayDescr@@@@YGPBUImgDelayDescr@@K@Z 10026652 f i Delayimp:delayhlp.obj
 0001:00025664       ??$PFromRva@PBU_IMAGE_THUNK_DATA32@@@@YGPBU_IMAGE_THUNK_DATA32@@K@Z 10026664 f i Delayimp:delayhlp.obj
 0001:00025676       ?CountOfImports@@YGIPBU_IMAGE_THUNK_DATA32@@@Z 10026676 f i Delayimp:delayhlp.obj
 0001:00025691       ?DloadAcquireSectionWriteAccess@@YGXXZ 10026691 f i Delayimp:delayhlp.obj
 0001:000256c4       ?DloadGetSRWLockFunctionPointers@@YGEXZ 100266c4 f i Delayimp:delayhlp.obj
 0001:00025737       ?DloadLock@@YGXXZ          10026737 f i Delayimp:delayhlp.obj
 0001:00025776       ?DloadMakePermanentImageCommit@@YGXPAXK@Z 10026776 f i Delayimp:delayhlp.obj
 0001:000257e5       ?DloadObtainSection@@YGPAXPAK0@Z 100267e5 f i Delayimp:delayhlp.obj
 0001:00025860       ?DloadProtectSection@@YGXKPAK@Z 10026860 f i Delayimp:delayhlp.obj
 0001:000258ce       ?DloadReleaseSectionWriteAccess@@YGXXZ 100268ce f i Delayimp:delayhlp.obj
 0001:00025904       ?DloadUnlock@@YGXXZ        10026904 f i Delayimp:delayhlp.obj
 0001:00025945       ?IndexFromPImgThunkData@@YGIPBU_IMAGE_THUNK_DATA32@@0@Z 10026945 f i Delayimp:delayhlp.obj
 0001:00025aa5       _HRESULT_FROM_WIN32@4      10026aa5 f i Delayimp:delayhlp.obj
 0001:00025abd       _ReadAcquire@4             10026abd f i Delayimp:delayhlp.obj
 0001:00025acb       _ReadPointerAcquire@4      10026acb f i Delayimp:delayhlp.obj
 0001:00025ad9       _WritePointerRelease@8     10026ad9 f i Delayimp:delayhlp.obj
 0001:00025aea       _WriteRelease@8            10026aea f i Delayimp:delayhlp.obj
 0001:00025afb       __InlineInterlockedCompareExchangePointer@12 10026afb f i Delayimp:delayhlp.obj
 0001:00025b11       ___FUnloadDelayLoadedDLL2@4 10026b11 f   Delayimp:delayhlp.obj
 0001:00025b95       ___HrLoadAllImportsForDll@4 10026b95 f   Delayimp:delayhlp.obj
 0001:00025bf6       ___delayLoadHelper2@8      10026bf6 f   Delayimp:delayhlp.obj
 0001:00025e65       ??3@YAXPAXI@Z              10026e65 f   LIBCMT:delete_scalar_size.obj
 0001:00025e73       ??_V@YAXPAXI@Z             10026e73 f   LIBCMT:delete_array_size.obj
 0001:00025e81       ??1type_info@@UAE@XZ       10026e81 f   LIBCMT:std_type_info_static.obj
 0001:00025e88       ??_Etype_info@@UAEPAXI@Z   10026e88 f i LIBCMT:std_type_info_static.obj
 0001:00025e88       ??_Gtype_info@@UAEPAXI@Z   10026e88 f i LIBCMT:std_type_info_static.obj
 0001:00025eab       ?__scrt_initialize_type_info@@YAXXZ 10026eab f   LIBCMT:tncleanup.obj
 0001:00025eb7       ?__scrt_uninitialize_type_info@@YAXXZ 10026eb7 f   LIBCMT:tncleanup.obj
 0001:00025ed0       __alloca_probe_16          10026ed0 f   LIBCMT:alloca16.obj
 0001:00025ee6       __alloca_probe_8           10026ee6     LIBCMT:alloca16.obj
 0001:00025efc       ??3@YAXPAX@Z               10026efc f   LIBCMT:delete_scalar.obj
 0001:00025f01       ??_V@YAXPAX@Z              10026f01 f   LIBCMT:delete_array.obj
 0001:00025f10       __alloca_probe             10026f10 f   LIBCMT:chkstk.obj
 0001:00025f10       __chkstk                   10026f10 f   LIBCMT:chkstk.obj
 0001:00025f40       __ftoui3                   10026f40 f   LIBCMT:ftol3.obj
 0001:00025f86       __ftoul3                   10026f86 f   LIBCMT:ftol3.obj
 0001:00025ff8       __ftol3                    10026ff8 f   LIBCMT:ftol3.obj
 0001:00026065       __dtoui3                   10027065 f   LIBCMT:ftol3.obj
 0001:000260d9       __dtoul3                   100270d9 f   LIBCMT:ftol3.obj
 0001:0002617b       __dtol3                    1002717b f   LIBCMT:ftol3.obj
 0001:00026230       __ultod3                   10027230 f   LIBCMT:ftol3.obj
 0001:00026290       __ltod3                    10027290 f   LIBCMT:ftol3.obj
 0001:000262e0       ___vdecl_sinf4             100272e0 f   LIBCMT:svml_ssinf4_dispatch.obj
 0001:000262f2       ___libm_sse2_sincosf_      100272f2 f   LIBCMT:svml_ssinf4_dispatch.obj
 0001:00026335       ___libm_sse2_sincosf4_     10027335 f   LIBCMT:svml_ssinf4_dispatch.obj
 0001:00026682       __CRT_INIT@12              10027682 f   LIBCMT:dll_dllmain.obj
 0001:0002668b       __DllMainCRTStartup@12     1002768b f   LIBCMT:dll_dllmain.obj
 0001:000266ae       @_guard_check_icall_nop@4  100276ae f i LIBCMT:guard_support.obj
 0001:000266b1       _ReadNoFence               100276b1 f i LIBCMT:guard_support.obj
 0001:000266bb       _ReadPointerNoFence        100276bb f i LIBCMT:guard_support.obj
 0001:000266c5       __guard_icall_checks_enforced 100276c5 f i LIBCMT:guard_support.obj
 0001:000266d7       ___isa_available_init      100276d7 f   LIBCMT:cpu_disp.obj
 0001:000268b0       ___sse2_sinf4@@16          100278b0 f   LIBCMT:svml_ssinf4_sse2.obj
 0001:00026a80       ___sse4_sinf4@@16          10027a80 f   LIBCMT:svml_ssinf4_sse4.obj
 0001:00027148       ___security_init_cookie    10028148 f   LIBCMT:gs_support.obj
 0001:00027193       _DllMain@12                10028193 f   LIBCMT:dll_dllmain_stub.obj
 0001:00027199       ___local_stdio_printf_options 10028199 f i LIBCMT:default_local_stdio_options.obj
 0001:0002719f       ___local_stdio_scanf_options 1002819f f i LIBCMT:default_local_stdio_options.obj
 0001:000271a5       ___scrt_initialize_default_local_stdio_options 100281a5 f   LIBCMT:default_local_stdio_options.obj
 0001:000271c2       ?configure_argv@__scrt_narrow_argv_policy@@SAHXZ 100281c2 f i LIBCMT:utility.obj
 0001:00027213       ?initialize_environment@__scrt_narrow_environment_policy@@SAHXZ 10028213 f i LIBCMT:utility.obj
 0001:0002724c       _NtCurrentTeb              1002824c f i LIBCMT:utility.obj
 0001:00027253       ___scrt_acquire_startup_lock 10028253 f   LIBCMT:utility.obj
 0001:00027285       ___scrt_dllmain_after_initialize_c 10028285 f   LIBCMT:utility.obj
 0001:000272b0       ___scrt_dllmain_before_initialize_c 100282b0 f   LIBCMT:utility.obj
 0001:000272be       ___scrt_dllmain_crt_thread_attach 100282be f   LIBCMT:utility.obj
 0001:000272dd       ___scrt_dllmain_crt_thread_detach 100282dd f   LIBCMT:utility.obj
 0001:000272ea       ___scrt_dllmain_exception_filter 100282ea f   LIBCMT:utility.obj
 0001:0002731e       ___scrt_dllmain_uninitialize_c 1002831e f   LIBCMT:utility.obj
 0001:00027341       ___scrt_dllmain_uninitialize_critical 10028341 f   LIBCMT:utility.obj
 0001:0002734e       ___scrt_initialize_crt     1002834e f   LIBCMT:utility.obj
 0001:00027387       ___scrt_initialize_onexit_tables 10028387 f   LIBCMT:utility.obj
 0001:0002740e       ___scrt_is_nonwritable_in_current_image 1002840e f   LIBCMT:utility.obj
 0001:000274a2       ___scrt_release_startup_lock 100284a2 f   LIBCMT:utility.obj
 0001:000274bf       ___scrt_uninitialize_crt   100284bf f   LIBCMT:utility.obj
 0001:000274e7       __onexit                   100284e7 f   LIBCMT:utility.obj
 0001:00027514       _at_quick_exit             10028514 f   LIBCMT:utility.obj
 0001:00027537       _atexit                    10028537 f   LIBCMT:utility.obj
 0001:0002754c       ___scrt_get_dyn_tls_init_callback 1002854c f   LIBCMT:dyn_tls_init.obj
 0001:00027552       ___scrt_fastfail           10028552 f   LIBCMT:utility_desktop.obj
 0001:0002766c       ___scrt_get_show_window_mode 1002866c f   LIBCMT:utility_desktop.obj
 0001:0002769d       ___scrt_initialize_mta     1002869d f   LIBCMT:utility_desktop.obj
 0001:000276a2       ___scrt_initialize_winrt   100286a2 f   LIBCMT:utility_desktop.obj
 0001:000276a5       ___scrt_is_managed_app     100286a5 f   LIBCMT:utility_desktop.obj
 0001:000276e8       ___scrt_set_unhandled_exception_filter 100286e8 f   LIBCMT:utility_desktop.obj
 0001:000276f4       ___scrt_exe_initialize_mta 100286f4 f   LIBCMT:utility_desktop.obj
 0001:000276f4       ___scrt_stub_for_initialize_mta 100286f4 f   LIBCMT:utility_desktop.obj
 0001:000276f7       ___scrt_unhandled_exception_filter@4 100286f7 f   LIBCMT:utility_desktop.obj
 0001:0002774d       __crt_debugger_hook        1002874d f   LIBCMT:utility_desktop.obj
 0001:00027755       __RTC_Initialize           10028755 f   LIBCMT:initsect.obj
[...]
 0002:0000d1ed       $N00058                    100751ed     PhysXCooking_32.exp
 0002:0000d214       $N00059                    10075214     PhysXCooking_32.exp
 0002:0000d24d       $N00060                    1007524d     PhysXCooking_32.exp
 0002:0000d276       $N00061                    10075276     PhysXCooking_32.exp
 0002:0000d2a9       $N00062                    100752a9     PhysXCooking_32.exp
 0002:0000d2dd       $N00063                    100752dd     PhysXCooking_32.exp
 0002:0000d317       $N00064                    10075317     PhysXCooking_32.exp
 0002:0000d35d       $N00065                    1007535d     PhysXCooking_32.exp
 0002:0000d3ab       $N00066                    100753ab     PhysXCooking_32.exp
 0002:0000d3dd       $N00067                    100753dd     PhysXCooking_32.exp
 0002:0000d410       $N00068                    10075410     PhysXCooking_32.exp
 0002:0000d445       $N00069                    10075445     PhysXCooking_32.exp
 0002:0000d46b       $N00070                    1007546b     PhysXCooking_32.exp
 0002:0000d4b1       $N00071                    100754b1     PhysXCooking_32.exp
 0002:0000d4f6       $N00072                    100754f6     PhysXCooking_32.exp
 0002:0000d54d       $N00073                    1007554d     PhysXCooking_32.exp
 0002:0000d593       $N00074                    10075593     PhysXCooking_32.exp
 0002:0000d5bd       $N00075                    100755bd     PhysXCooking_32.exp
 0002:0000d5eb       $N00076                    100755eb     PhysXCooking_32.exp
 0002:0000d639       $N00077                    10075639     PhysXCooking_32.exp
 0002:0000d6e3       $N00078                    100756e3     PhysXCooking_32.exp
 0002:0000d73f       $N00079                    1007573f     PhysXCooking_32.exp
 0002:0000d76a       $N00080                    1007576a     PhysXCooking_32.exp
 0002:0000d795       $N00081                    10075795     PhysXCooking_32.exp
 0002:0000d7c9       $N00082                    100757c9     PhysXCooking_32.exp
 0002:0000d7f1       $N00083                    100757f1     PhysXCooking_32.exp
 0002:0000d82c       $N00084                    1007582c     PhysXCooking_32.exp
 0002:0000d857       $N00085                    10075857     PhysXCooking_32.exp
 0002:0000d888       $N00086                    10075888     PhysXCooking_32.exp
 0002:0000d8d3       $N00087                    100758d3     PhysXCooking_32.exp
 0002:0000d904       $N00088                    10075904     PhysXCooking_32.exp
 0002:0000d93b       $N00089                    1007593b     PhysXCooking_32.exp
 0002:0000d972       $N00090                    10075972     PhysXCooking_32.exp
 0002:0000d9ad       $N00091                    100759ad     PhysXCooking_32.exp
 0002:0000d9ef       $N00092                    100759ef     PhysXCooking_32.exp
 0002:0000da1d       $N00093                    10075a1d     PhysXCooking_32.exp
 0002:0000da94       $N00094                    10075a94     PhysXCooking_32.exp
 0002:0000daef       $N00095                    10075aef     PhysXCooking_32.exp
 0002:0000db1a       $N00096                    10075b1a     PhysXCooking_32.exp
 0002:0000db4d       $N00097                    10075b4d     PhysXCooking_32.exp
 0002:0000db85       $N00098                    10075b85     PhysXCooking_32.exp
 0002:0000dbc1       $N00099                    10075bc1     PhysXCooking_32.exp
 0002:0000dbf5       $N00100                    10075bf5     PhysXCooking_32.exp
 0002:0000dc21       $N00101                    10075c21     PhysXCooking_32.exp
 0002:0000dc4d       $N00102                    10075c4d     PhysXCooking_32.exp
 0002:0000dc76       $N00103                    10075c76     PhysXCooking_32.exp
 0002:0000dca0       $N00104                    10075ca0     PhysXCooking_32.exp
 0002:0000dccc       $N00105                    10075ccc     PhysXCooking_32.exp
 0002:0000dceb       $N00106                    10075ceb     PhysXCooking_32.exp
 0002:0000dd25       $N00107                    10075d25     PhysXCooking_32.exp
 0002:0000dd55       $N00108                    10075d55     PhysXCooking_32.exp
 0002:0000dd86       $N00109                    10075d86     PhysXCooking_32.exp
 0002:0000ddc6       $N00110                    10075dc6     PhysXCooking_32.exp
 0002:0000ddf2       $N00111                    10075df2     PhysXCooking_32.exp
 0002:0000de15       $N00112                    10075e15     PhysXCooking_32.exp
 0002:0000de43       $N00113                    10075e43     PhysXCooking_32.exp
 0002:0000de74       $N00114                    10075e74     PhysXCooking_32.exp
 0002:0000de99       $N00115                    10075e99     PhysXCooking_32.exp
 0002:0000dec5       $N00116                    10075ec5     PhysXCooking_32.exp
 0002:0000deec       $N00117                    10075eec     PhysXCooking_32.exp
 0002:0000df0b       $N00118                    10075f0b     PhysXCooking_32.exp
 0002:0000df4f       $N00119                    10075f4f     PhysXCooking_32.exp
 0002:0000df8b       $N00120                    10075f8b     PhysXCooking_32.exp
 0002:0000dfc7       $N00121                    10075fc7     PhysXCooking_32.exp
 0002:0000dff8       $N00122                    10075ff8     PhysXCooking_32.exp
 0002:0000e008       $N00123                    10076008     PhysXCooking_32.exp
 0002:0000e1b8       .idata$6                   100761b8     kernel32:KERNEL32.dll
 0003:00000000       ?MAXDOT_MINANG@local@@3MB  10077000     ConvexHullUtils.obj
 0003:00000004       ?MAXDOT_MINANG@local@@3MB  10077004     QuickHullConvexHullLib.obj
 0003:00000040       ?prefix@?1??getDimension@UnDecorator@@CA?AVDName@@_N@Z@4UStringLiteral@@A 10077040     libvcruntime:undname.obj
 0003:00000050       ?__vcrt_flsindex@@3KA      10077050     libvcruntime:per_thread_data.obj
 0003:00000080       ?__DAZ_ENABLED@?1??__set_fpsr_sse2@@9@9 10077080     libucrt:fpctrl.obj
 0003:00000090       ?errno_no_memory@@3HA      10077090     libucrt:errno.obj
 0003:00000094       ?doserrno_no_memory@@3KA   10077094     libucrt:errno.obj
 0003:00000098       ?__acrt_flsindex@@3KA      10077098     libucrt:per_thread_data.obj
 0003:000002c0       __mbctypes                 100772c0     libucrt:mbctype.obj
 0003:000003c8       __mbcasemaps               100773c8     libucrt:mbctype.obj
 0003:000004c8       ?__rgctypeflag@@3PADA      100774c8     libucrt:mbctype.obj
 0003:000004d0       ?__rgcode_page_info@@3PAUcode_page_info@@A 100774d0     libucrt:mbctype.obj
 0003:00000768       __ctype_loc_style          10077768     libucrt:wsetlocale.obj
 0003:000008f0       ?__dcrt_lowio_console_output_handle@@3PAXA 100778f0     libucrt:initcon.obj
 0003:00000d30       ?maxV3Error@_VecMathTests@aos@shdfnd@physx@@3T__m128@@B 10077d30     Cooking.obj
 0003:00000d40       ?minFError@_VecMathTests@aos@shdfnd@physx@@3T__m128@@B 10077d40     Cooking.obj
 0003:00000d50       ?maxV4Error@_VecMathTests@aos@shdfnd@physx@@3T__m128@@B 10077d50     Cooking.obj
 0003:00000d60       ?minV4Error@_VecMathTests@aos@shdfnd@physx@@3T__m128@@B 10077d60     Cooking.obj
 0003:00000d70       ?minV3Error@_VecMathTests@aos@shdfnd@physx@@3T__m128@@B 10077d70     Cooking.obj
 0003:00000d80       ?maxFError@_VecMathTests@aos@shdfnd@physx@@3T__m128@@B 10077d80     Cooking.obj
 0003:00000d90       ?maxV3Error@_VecMathTests@aos@shdfnd@physx@@3T__m128@@B 10077d90     BVHStructureBuilder.obj
 0003:00000da0       ?minFError@_VecMathTests@aos@shdfnd@physx@@3T__m128@@B 10077da0     BVHStructureBuilder.obj
 0003:00000db0       ?maxV4Error@_VecMathTests@aos@shdfnd@physx@@3T__m128@@B 10077db0     BVHStructureBuilder.obj
 0003:00000dc0       ?minV4Error@_VecMathTests@aos@shdfnd@physx@@3T__m128@@B 10077dc0     BVHStructureBuilder.obj
 0003:00000dd0       ?minV3Error@_VecMathTests@aos@shdfnd@physx@@3T__m128@@B 10077dd0     BVHStructureBuilder.obj
 0003:00000de0       ?maxFError@_VecMathTests@aos@shdfnd@physx@@3T__m128@@B 10077de0     BVHStructureBuilder.obj
 0003:00000df0       ?maxV3Error@_VecMathTests@aos@shdfnd@physx@@3T__m128@@B 10077df0     RTreeCooking.obj
 0003:00000e00       ?minFError@_VecMathTests@aos@shdfnd@physx@@3T__m128@@B 10077e00     RTreeCooking.obj
 0003:00000e10       ?maxV4Error@_VecMathTests@aos@shdfnd@physx@@3T__m128@@B 10077e10     RTreeCooking.obj
 0003:00000e20       ?minV4Error@_VecMathTests@aos@shdfnd@physx@@3T__m128@@B 10077e20     RTreeCooking.obj
 0003:00000e30       ?minV3Error@_VecMathTests@aos@shdfnd@physx@@3T__m128@@B 10077e30     RTreeCooking.obj
 0003:00000e40       ?maxFError@_VecMathTests@aos@shdfnd@physx@@3T__m128@@B 10077e40     RTreeCooking.obj
 0003:00000e50       ?maxV3Error@_VecMathTests@aos@shdfnd@physx@@3T__m128@@B 10077e50     MeshBuilder.obj
 0003:00000e60       ?minFError@_VecMathTests@aos@shdfnd@physx@@3T__m128@@B 10077e60     MeshBuilder.obj
 0003:00000e70       ?maxV4Error@_VecMathTests@aos@shdfnd@physx@@3T__m128@@B 10077e70     MeshBuilder.obj
 0003:00000e80       ?minV4Error@_VecMathTests@aos@shdfnd@physx@@3T__m128@@B 10077e80     MeshBuilder.obj
 0003:00000e90       ?minV3Error@_VecMathTests@aos@shdfnd@physx@@3T__m128@@B 10077e90     MeshBuilder.obj
 0003:00000ea0       ?maxFError@_VecMathTests@aos@shdfnd@physx@@3T__m128@@B 10077ea0     MeshBuilder.obj
 0003:00000eb0       ?maxV3Error@_VecMathTests@aos@shdfnd@physx@@3T__m128@@B 10077eb0     TriangleMeshBuilder.obj
 0003:00000ec0       ?minFError@_VecMathTests@aos@shdfnd@physx@@3T__m128@@B 10077ec0     TriangleMeshBuilder.obj
 0003:00000ed0       ?maxV4Error@_VecMathTests@aos@shdfnd@physx@@3T__m128@@B 10077ed0     TriangleMeshBuilder.obj
 0003:00000ee0       ?minV4Error@_VecMathTests@aos@shdfnd@physx@@3T__m128@@B 10077ee0     TriangleMeshBuilder.obj
 0003:00000ef0       ?minV3Error@_VecMathTests@aos@shdfnd@physx@@3T__m128@@B 10077ef0     TriangleMeshBuilder.obj
 0003:00000f00       ?maxFError@_VecMathTests@aos@shdfnd@physx@@3T__m128@@B 10077f00     TriangleMeshBuilder.obj
 0003:00000f10       ?maxV3Error@_VecMathTests@aos@shdfnd@physx@@3T__m128@@B 10077f10     BigConvexDataBuilder.obj
 0003:00000f20       ?minFError@_VecMathTests@aos@shdfnd@physx@@3T__m128@@B 10077f20     BigConvexDataBuilder.obj
 0003:00000f30       ?maxV4Error@_VecMathTests@aos@shdfnd@physx@@3T__m128@@B 10077f30     BigConvexDataBuilder.obj
 0003:00000f40       ?minV4Error@_VecMathTests@aos@shdfnd@physx@@3T__m128@@B 10077f40     BigConvexDataBuilder.obj
 0003:00000f50       ?minV3Error@_VecMathTests@aos@shdfnd@physx@@3T__m128@@B 10077f50     BigConvexDataBuilder.obj
 0003:00000f60       ?maxFError@_VecMathTests@aos@shdfnd@physx@@3T__m128@@B 10077f60     BigConvexDataBuilder.obj
 0003:00000f70       ?maxV3Error@_VecMathTests@aos@shdfnd@physx@@3T__m128@@B 10077f70     ConvexHullBuilder.obj
 0003:00000f80       ?minFError@_VecMathTests@aos@shdfnd@physx@@3T__m128@@B 10077f80     ConvexHullBuilder.obj
 0003:00000f90       ?maxV4Error@_VecMathTests@aos@shdfnd@physx@@3T__m128@@B 10077f90     ConvexHullBuilder.obj
 0003:00000fa0       ?minV4Error@_VecMathTests@aos@shdfnd@physx@@3T__m128@@B 10077fa0     ConvexHullBuilder.obj
 0003:00000fb0       ?minV3Error@_VecMathTests@aos@shdfnd@physx@@3T__m128@@B 10077fb0     ConvexHullBuilder.obj
 0003:00000fc0       ?maxFError@_VecMathTests@aos@shdfnd@physx@@3T__m128@@B 10077fc0     ConvexHullBuilder.obj
 0003:00000fd0       ?maxV3Error@_VecMathTests@aos@shdfnd@physx@@3T__m128@@B 10077fd0     ConvexHullUtils.obj
 0003:00000fe0       ?minFError@_VecMathTests@aos@shdfnd@physx@@3T__m128@@B 10077fe0     ConvexHullUtils.obj
 0003:00000ff0       ?maxV4Error@_VecMathTests@aos@shdfnd@physx@@3T__m128@@B 10077ff0     ConvexHullUtils.obj
 0003:00001000       ?minV4Error@_VecMathTests@aos@shdfnd@physx@@3T__m128@@B 10078000     ConvexHullUtils.obj
 0003:00001010       ?minV3Error@_VecMathTests@aos@shdfnd@physx@@3T__m128@@B 10078010     ConvexHullUtils.obj
 0003:00001020       ?maxFError@_VecMathTests@aos@shdfnd@physx@@3T__m128@@B 10078020     ConvexHullUtils.obj
 0003:00001030       ?maxV3Error@_VecMathTests@aos@shdfnd@physx@@3T__m128@@B 10078030     ConvexMeshBuilder.obj
 0003:00001040       ?minFError@_VecMathTests@aos@shdfnd@physx@@3T__m128@@B 10078040     ConvexMeshBuilder.obj
 0003:00001050       ?maxV4Error@_VecMathTests@aos@shdfnd@physx@@3T__m128@@B 10078050     ConvexMeshBuilder.obj
 0003:00001060       ?minV4Error@_VecMathTests@aos@shdfnd@physx@@3T__m128@@B 10078060     ConvexMeshBuilder.obj
 0003:00001070       ?minV3Error@_VecMathTests@aos@shdfnd@physx@@3T__m128@@B 10078070     ConvexMeshBuilder.obj
 0003:00001080       ?maxFError@_VecMathTests@aos@shdfnd@physx@@3T__m128@@B 10078080     ConvexMeshBuilder.obj
 0003:00001090       ?maxV3Error@_VecMathTests@aos@shdfnd@physx@@3T__m128@@B 10078090     VolumeIntegration.obj
 0003:000010a0       ?minFError@_VecMathTests@aos@shdfnd@physx@@3T__m128@@B 100780a0     VolumeIntegration.obj
 0003:000010b0       ?maxV4Error@_VecMathTests@aos@shdfnd@physx@@3T__m128@@B 100780b0     VolumeIntegration.obj
 0003:000010c0       ?minV4Error@_VecMathTests@aos@shdfnd@physx@@3T__m128@@B 100780c0     VolumeIntegration.obj
 0003:000010d0       ?minV3Error@_VecMathTests@aos@shdfnd@physx@@3T__m128@@B 100780d0     VolumeIntegration.obj
 0003:000010e0       ?maxFError@_VecMathTests@aos@shdfnd@physx@@3T__m128@@B 100780e0     VolumeIntegration.obj
 0003:000010f0       ?gCookingDelayLoadHook@@3PBVPxDelayLoadHook@physx@@B 100780f0     WindowsCookingDelayLoadHook.obj
 0003:00001120       ?__proc_attached@@3HA      10078120     LIBCMT:dll_dllmain.obj
 0003:00001148       ?is_initialized_as_dll@@3_NA 10078148     LIBCMT:utility.obj
 0003:00001149       ?module_local_atexit_table_initialized@@3_NA 10078149     LIBCMT:utility.obj
 0003:0000114c       ?module_local_atexit_table@@3U_onexit_table_t@@A 1007814c     LIBCMT:utility.obj
 0003:00001158       ?module_local_at_quick_exit_table@@3U_onexit_table_t@@A 10078158     LIBCMT:utility.obj
 0003:00001168       _GS_ExceptionRecord        10078168     LIBCMT:gs_report.obj
 0003:000011b8       _GS_ContextRecord          100781b8     LIBCMT:gs_report.obj
 0003:000014b4       ?heap@@3V_HeapManager@@A   100784b4     libvcruntime:undname.obj
 0003:000014c8       ?__vcrt_startup_thread_ptd@@3U__vcrt_ptd@@A 100784c8     libvcruntime:per_thread_data.obj
 0003:000014f0       ___vcrt_lock_table         100784f0     libvcruntime:locks.obj
 0003:00001508       ___vcrt_locks_initialized  10078508     libvcruntime:locks.obj
 0003:0000150c       ?module_handles@@3PAPAUHINSTANCE__@@A 1007850c     libvcruntime:winapi_downlevel.obj
 0003:00001518       ?function_pointers@@3PAPAXA 10078518     libvcruntime:winapi_downlevel.obj
 0003:0000152c       ?c_termination_complete@@3JA 1007852c     libucrt:exit.obj
 0003:00001530       ?thread_local_exit_callback_func@@3P6GXPAXK0@ZA 10078530     libucrt:exit.obj
 0003:00001538       ?program_name@?1???$common_configure_argv@D@@YAHW4_crt_argv_mode@@@Z@4PADA 10078538     libucrt:argv_parsing.obj
 0003:00001640       ?program_name@?1???$common_configure_argv@_W@@YAHW4_crt_argv_mode@@@Z@4PA_WA 10078640     libucrt:argv_parsing.obj
 0003:00001874       ?user_matherr@@3V?$dual_state_global@P6AHPAU_exception@@@Z@__crt_state_management@@A 10078874     libucrt:matherr.obj
 0003:00001878       ?__acrt_lock_table@@3PAU_RTL_CRITICAL_SECTION@@A 10078878     libucrt:locks.obj
 0003:000019c8       ?__acrt_locks_initialized@@3IA 100789c8     libucrt:locks.obj
 0003:000019cc       ?state_cache@?1???$get_cached_win_policy@Ubegin_thread_init_policy_properties@?1??__acrt_get_begin_thread_init_policy@@YA?AW4begin_thread_init_policy@@XZ@@@YA?AW4begin_thread_init_policy@@W4AppPolicyThreadInitializationType@@@Z@4JA 100789cc     libucrt:win_policies.obj
 0003:000019d0       ?state_cache@?1???$get_cached_win_policy@Udeveloper_information_policy_properties@?1??__acrt_get_developer_information_policy@@YA?AW4developer_information_policy@@XZ@@@YA?AW4developer_information_policy@@W4AppPolicyShowDeveloperDiagnostic@@@Z@4JA 100789d0     libucrt:win_policies.obj
 0003:000019d4       ?state_cache@?1???$get_cached_win_policy@Uwindowing_model_policy_properties@?1??__acrt_get_windowing_model_policy@@YA?AW4windowing_model_policy@@XZ@@@YA?AW4windowing_model_policy@@W4AppPolicyWindowingModel@@@Z@4JA 100789d4     libucrt:win_policies.obj
 0003:000019d8       ?__acrt_invalid_parameter_handler@@3V?$dual_state_global@P6AXPB_W00II@Z@__crt_state_management@@A 100789d8     libucrt:invalid_parameter.obj
 0003:000019e8       ?fSystemSet@@3HA           100789e8     libucrt:mbctype.obj
 0003:000019ec       ?initialized@?1??__acrt_initialize_multibyte@@9@4_NA 100789ec     libucrt:mbctype.obj
 0003:00001a10       ?module_handles@@3PAPAUHINSTANCE__@@A 10078a10     libucrt:winapi_thunks.obj
 0003:00001a60       ?encoded_function_pointers@@3PAPAXA 10078a60     libucrt:winapi_thunks.obj
 0003:00001ae8       ?static_enum_proc@?1??enum_system_locales_ex_nolock@@YAHQ6GHPA_WKJ@Z@Z@4P6GH0KJ@ZA 10078ae8     libucrt:winapi_thunks.obj
 0003:00001cf4       ?__acrt_new_handler@@3V?$dual_state_global@P6AHI@Z@__crt_state_management@@A 10078cf4     libucrt:new_handler.obj
 0003:00001cf8       ?console_ctrl_handler_installed@@3_NA 10078cf8     libucrt:signal.obj
 0003:00001cfc       ?ctrlc_action@@3V?$dual_state_global@P6AXH@Z@__crt_state_management@@A 10078cfc     libucrt:signal.obj
 0003:00001d00       ?ctrlbreak_action@@3V?$dual_state_global@P6AXH@Z@__crt_state_management@@A 10078d00     libucrt:signal.obj
 0003:00001d04       ?abort_action@@3V?$dual_state_global@P6AXH@Z@__crt_state_management@@A 10078d04     libucrt:signal.obj
 0003:00001d08       ?term_action@@3V?$dual_state_global@P6AXH@Z@__crt_state_management@@A 10078d08     libucrt:signal.obj
 0003:00001d24       ?internal_state@?1??_mbtowc_l@@9@4U_Mbstatet@@A 10078d24     libucrt:mbtowc.obj
 0003:00001d2c       ?enable_percent_n@@3IA     10078d2c     libucrt:printf_count_output.obj
 0003:00001d34       ?__acrt_global_new_mode@@3V?$dual_state_global@J@__crt_state_management@@A 10078d34     libucrt:new_mode.obj
 0003:00001d40       ?mbst@?1??mbrlen@@9@4U_Mbstatet@@A 10078d40     libucrt:mbrtowc.obj
 0003:00001d48       ?mbst@?1??mbrtowc@@9@4U_Mbstatet@@A 10078d48     libucrt:mbrtowc.obj
 0003:00001d50       ?mbst@?1??_mbsrtowcs_helper@@YAIPA_WPAPBDIPAU_Mbstatet@@@Z@4U2@A 10078d50     libucrt:mbrtowc.obj
 0003:00001d5c       ?__acrt_app_type@@3W4_crt_app_type@@A 10078d5c     libucrt:report_runtime_error.obj
 0003:00001d60       ?outmsg@?9??__acrt_report_runtime_error@@9@4PA_WA 10078d60     libucrt:report_runtime_error.obj
 0003:00002388       ?internal_pst@?1??__mbrtoc32_utf8@__crt_mbstring@@YAIPA_UPBDIPAU_Mbstatet@@@Z@4U3@A 10079388     libucrt:mbrtoc32.obj
 0003:00002390       ___acrt_error_mode         10079390     libucrt:set_error_mode.obj
 0003:00002394       __pmatherr_set             10079394     libucrt:libm_error.obj
 0004:00000000       _static_const_table        1007a000     LIBCMT:svml_ssinf4_sse2.obj
 0004:00000100       __e02PI                    1007a100     LIBCMT:svml_dtrig.obj
 0004:000002a0       __e04PI                    1007a2a0     LIBCMT:svml_dtrig.obj
 0004:00000430       _2il0floatpacket_0         1007a430     LIBCMT:svml_dtrig.obj
 0004:00000440       _2il0floatpacket_1         1007a440     LIBCMT:svml_dtrig.obj
 0004:00000448       __d02PI                    1007a448     LIBCMT:svml_dtrig.obj
 0004:00000458       __DP4                      1007a458     LIBCMT:svml_dtrig.obj
 0004:00000478       __dPI02                    1007a478     LIBCMT:svml_dtrig.obj
 0004:00000488       __d04PI                    1007a488     LIBCMT:svml_dtrig.obj
 0004:00000498       __QP4                      1007a498     LIBCMT:svml_dtrig.obj
 0004:000004b8       __dPI04                    1007a4b8     LIBCMT:svml_dtrig.obj
 0004:00002600       __vmlsSinHATab             1007c600     LIBCMT:svml_s_sin_cout.obj
 0005:000000a0       $R000000                   1007d0a0     PhysXCooking.res
 0005:000003d0       $R000330                   1007d3d0     PhysXCooking.res
